Archive member included to satisfy reference by file (symbol)

obj_cooja/mtype414.a(simEnvChange.o)
                              obj_cooja/mtype414.o (simDontFallAsleep)
obj_cooja/mtype414.a(cooja_mt.o)
                              obj_cooja/mtype414.o (cooja_mt_start)
obj_cooja/mtype414.a(cooja_mtarch.o)
                              obj_cooja/mtype414.a(cooja_mt.o) (cooja_mtarch_start)
obj_cooja/mtype414.a(rtimer-arch.o)
                              obj_cooja/mtype414.o (rtimer_arch_check)
obj_cooja/mtype414.a(beep.o)  obj_cooja/mtype414.o (beep_interface)
obj_cooja/mtype414.a(button-sensor.o)
                              obj_cooja/mtype414.o (button_interface)
obj_cooja/mtype414.a(leds-arch.o)
                              obj_cooja/mtype414.o (leds_interface)
obj_cooja/mtype414.a(moteid.o)
                              obj_cooja/mtype414.o (moteid_interface)
obj_cooja/mtype414.a(pir-sensor.o)
                              obj_cooja/mtype414.o (pir_interface)
obj_cooja/mtype414.a(rs232.o)
                              obj_cooja/mtype414.o (rs232_interface)
obj_cooja/mtype414.a(vib-sensor.o)
                              obj_cooja/mtype414.o (vib_interface)
obj_cooja/mtype414.a(clock.o)
                              obj_cooja/mtype414.o (clock_interface)
obj_cooja/mtype414.a(cooja-log.o)
                              obj_cooja/mtype414.o (simlog_interface)
obj_cooja/mtype414.a(cfs-cooja.o)
                              obj_cooja/mtype414.o (cfs_interface)
obj_cooja/mtype414.a(cooja-radio.o)
                              obj_cooja/mtype414.o (radio_interface)
obj_cooja/mtype414.a(eeprom.o)
                              obj_cooja/mtype414.o (eeprom_interface)
obj_cooja/mtype414.a(random.o)
                              obj_cooja/mtype414.a(moteid.o) (random_init)
obj_cooja/mtype414.a(sensors.o)
                              obj_cooja/mtype414.a(button-sensor.o) (sensors_changed)
obj_cooja/mtype414.a(contiki-main.o)
                              obj_cooja/mtype414.o (main)
obj_cooja/mtype414.a(autostart.o)
                              obj_cooja/mtype414.a(contiki-main.o) (autostart_start)
obj_cooja/mtype414.a(ctimer.o)
                              obj_cooja/mtype414.a(contiki-main.o) (ctimer_init)
obj_cooja/mtype414.a(energest.o)
                              obj_cooja/mtype414.a(contiki-main.o) (energest_init)
obj_cooja/mtype414.a(etimer.o)
                              obj_cooja/mtype414.a(contiki-main.o) (etimer_process)
obj_cooja/mtype414.a(log.o)   obj_cooja/mtype414.a(contiki-main.o) (curr_log_level_main)
obj_cooja/mtype414.a(process.o)
                              obj_cooja/mtype414.a(ctimer.o) (process_current)
obj_cooja/mtype414.a(rtimer.o)
                              obj_cooja/mtype414.a(contiki-main.o) (rtimer_init)
obj_cooja/mtype414.a(node-id.o)
                              obj_cooja/mtype414.a(contiki-main.o) (node_id)
obj_cooja/mtype414.a(timer.o)
                              obj_cooja/mtype414.a(button-sensor.o) (timer_set)
obj_cooja/mtype414.a(serial-line.o)
                              obj_cooja/mtype414.a(rs232.o) (serial_line_input_byte)
obj_cooja/mtype414.a(list.o)  obj_cooja/mtype414.a(ctimer.o) (list_init)
obj_cooja/mtype414.a(ringbuf.o)
                              obj_cooja/mtype414.a(serial-line.o) (ringbuf_init)
obj_cooja/mtype414.a(packetbuf.o)
                              obj_cooja/mtype414.a(cooja-radio.o) (packetbuf_clear)
obj_cooja/mtype414.a(netstack.o)
                              obj_cooja/mtype414.a(contiki-main.o) (netstack_init)
obj_cooja/mtype414.a(linkaddr.o)
                              obj_cooja/mtype414.a(contiki-main.o) (linkaddr_node_addr)
obj_cooja/mtype414.a(csma.o)  obj_cooja/mtype414.a(cooja-radio.o) (csma_driver)
obj_cooja/mtype414.a(csma-output.o)
                              obj_cooja/mtype414.a(csma.o) (csma_output_packet)
obj_cooja/mtype414.a(uip-ds6.o)
                              obj_cooja/mtype414.a(contiki-main.o) (uip_ds6_get_link_local)
obj_cooja/mtype414.a(tcpip.o)
                              obj_cooja/mtype414.a(contiki-main.o) (tcpip_process)
obj_cooja/mtype414.a(uip-ds6-route.o)
                              obj_cooja/mtype414.a(uip-ds6.o) (uip_ds6_route_init)
obj_cooja/mtype414.a(uip6.o)  obj_cooja/mtype414.a(contiki-main.o) (uip_lladdr)
obj_cooja/mtype414.a(uip-ds6-nbr.o)
                              obj_cooja/mtype414.a(uip-ds6.o) (uip_ds6_neighbors_init)
obj_cooja/mtype414.a(uip-nd6.o)
                              obj_cooja/mtype414.a(uip6.o) (uip_nd6_init)
obj_cooja/mtype414.a(simple-udp.o)
                              udp-server.o (simple_udp_sendto)
obj_cooja/mtype414.a(sicslowpan.o)
                              obj_cooja/mtype414.a(contiki-main.o) (sicslowpan_driver)
obj_cooja/mtype414.a(uiplib.o)
                              obj_cooja/mtype414.a(log.o) (uiplib_ipaddr_snprint)
obj_cooja/mtype414.a(rpl.o)   udp-server.o (rpl_lite_driver)
obj_cooja/mtype414.a(rpl-icmp6.o)
[...]
Memory Configuration

Name             Origin             Length             Attributes
*default*        0x0000000000000000 0xffffffffffffffff

Linker script and memory map

LOAD /usr/lib/gcc/i686-linux-gnu/5/../../../i386-linux-gnu/crti.o
LOAD /usr/lib/gcc/i686-linux-gnu/5/crtbeginS.o
LOAD udp-server.o
LOAD obj_cooja/mtype414.o
LOAD obj_cooja/mtype414.a
LOAD /usr/lib/gcc/i686-linux-gnu/5/libgcc.a
LOAD /usr/lib/gcc/i686-linux-gnu/5/libgcc_s.so
LOAD /usr/lib/gcc/i686-linux-gnu/5/../../../i386-linux-gnu/libc.so
START GROUP
LOAD /lib/i386-linux-gnu/libc.so.6
LOAD /usr/lib/i386-linux-gnu/libc_nonshared.a
LOAD /lib/i386-linux-gnu/ld-linux.so.2
END GROUP
LOAD /usr/lib/gcc/i686-linux-gnu/5/libgcc.a
LOAD /usr/lib/gcc/i686-linux-gnu/5/libgcc_s.so
LOAD /usr/lib/gcc/i686-linux-gnu/5/crtendS.o
LOAD /usr/lib/gcc/i686-linux-gnu/5/../../../i386-linux-gnu/crtn.o
                0x0000000000000114                . = (0x0 + SIZEOF_HEADERS)

.note.gnu.build-id
                0x0000000000000114       0x24
 *(.note.gnu.build-id)
 .note.gnu.build-id
                0x0000000000000114       0x24 /usr/lib/gcc/i686-linux-gnu/5/../../../i386-linux-gnu/crti.o

.hash
 *(.hash)

.gnu.hash       0x0000000000000138     0x133c
 *(.gnu.hash)
 .gnu.hash      0x0000000000000138     0x133c /usr/lib/gcc/i686-linux-gnu/5/../../../i386-linux-gnu/crti.o

.dynsym         0x0000000000001474     0x2540
 *(.dynsym)
 .dynsym        0x0000000000001474     0x2540 /usr/lib/gcc/i686-linux-gnu/5/../../../i386-linux-gnu/crti.o

.dynstr         0x00000000000039b4     0x28fc
 *(.dynstr)
 .dynstr        0x00000000000039b4     0x28fc /usr/lib/gcc/i686-linux-gnu/5/../../../i386-linux-gnu/crti.o

.gnu.version    0x00000000000062b0      0x4a8
 *(.gnu.version)
 .gnu.version   0x00000000000062b0      0x4a8 /usr/lib/gcc/i686-linux-gnu/5/../../../i386-linux-gnu/crti.o

.gnu.version_d  0x0000000000006758        0x0
 *(.gnu.version_d)
 .gnu.version_d
                0x0000000000006758        0x0 /usr/lib/gcc/i686-linux-gnu/5/../../../i386-linux-gnu/crti.o

.gnu.version_r  0x0000000000006758       0x40
 *(.gnu.version_r)
 .gnu.version_r
                0x0000000000006758       0x40 /usr/lib/gcc/i686-linux-gnu/5/../../../i386-linux-gnu/crti.o

.rel.dyn        0x0000000000006798     0x8450
 *(.rel.init)
 .rel.init      0x0000000000006798        0x0 /usr/lib/gcc/i686-linux-gnu/5/../../../i386-linux-gnu/crti.o
 *(.rel.text .rel.text.* .rel.gnu.linkonce.t.*)
 .rel.text      0x0000000000006798     0x7c30 /usr/lib/gcc/i686-linux-gnu/5/../../../i386-linux-gnu/crti.o
 *(.rel.fini)
 .rel.fini      0x000000000000e3c8        0x0 /usr/lib/gcc/i686-linux-gnu/5/../../../i386-linux-gnu/crti.o
 *(.rel.rodata .rel.rodata.* .rel.gnu.linkonce.r.*)
 .rel.rodata    0x000000000000e3c8      0x4b8 /usr/lib/gcc/i686-linux-gnu/5/../../../i386-linux-gnu/crti.o
 *(.rel.data.rel.ro .rel.data.rel.ro.* .rel.gnu.linkonce.d.rel.ro.*)
 *(.rel.data .rel.data.* .rel.gnu.linkonce.d.*)
 .rel.data.rel.local
                0x000000000000e880        0x8 /usr/lib/gcc/i686-linux-gnu/5/../../../i386-linux-gnu/crti.o
 .rel.data      0x000000000000e888      0x328 /usr/lib/gcc/i686-linux-gnu/5/../../../i386-linux-gnu/crti.o
 *(.rel.tdata .rel.tdata.* .rel.gnu.linkonce.td.*)
 *(.rel.tbss .rel.tbss.* .rel.gnu.linkonce.tb.*)
 *(.rel.ctors)
 *(.rel.dtors)
 *(.rel.got)
 .rel.got       0x000000000000ebb0       0x28 /usr/lib/gcc/i686-linux-gnu/5/../../../i386-linux-gnu/crti.o
 *(.rel.bss .rel.bss.* .rel.gnu.linkonce.b.*)
 *(.rel.ifunc)
 .rel.ifunc     0x000000000000ebd8        0x0 /usr/lib/gcc/i686-linux-gnu/5/../../../i386-linux-gnu/crti.o
 .rel.fini_array
                0x000000000000ebd8        0x8 /usr/lib/gcc/i686-linux-gnu/5/../../../i386-linux-gnu/crti.o
 .rel.init_array
                0x000000000000ebe0        0x8 /usr/lib/gcc/i686-linux-gnu/5/../../../i386-linux-gnu/crti.o

.rel.plt        0x000000000000ebe8        0x0
 *(.rel.plt)
 .rel.plt       0x000000000000ebe8        0x0 /usr/lib/gcc/i686-linux-gnu/5/../../../i386-linux-gnu/crti.o
 *(.rel.iplt)

.init           0x000000000000ebe8       0x23
 *(SORT(.init))
 .init          0x000000000000ebe8       0x1e /usr/lib/gcc/i686-linux-gnu/5/../../../i386-linux-gnu/crti.o
                0x000000000000ebe8                _init
 .init          0x000000000000ec06        0x5 /usr/lib/gcc/i686-linux-gnu/5/../../../i386-linux-gnu/crtn.o

.plt            0x000000000000ec10       0x10
 *(.plt)
 .plt           0x000000000000ec10       0x10 /usr/lib/gcc/i686-linux-gnu/5/../../../i386-linux-gnu/crti.o
 *(.iplt)

.plt.got        0x000000000000ec20       0x10
 *(.plt.got)
 .plt.got       0x000000000000ec20       0x10 /usr/lib/gcc/i686-linux-gnu/5/../../../i386-linux-gnu/crti.o

.text           0x000000000000ec30    0x135c4
 *(.text.unlikely .text.*_unlikely .text.unlikely.*)
 .text.unlikely
                0x000000000000ec30        0x0 /usr/lib/gcc/i686-linux-gnu/5/crtbeginS.o
 *(.text.exit .text.exit.*)
 *(.text.startup .text.startup.*)
 *(.text.hot .text.hot.*)
 *(.text .stub .text.* .gnu.linkonce.t.*)
 .text          0x000000000000ec30        0x0 /usr/lib/gcc/i686-linux-gnu/5/../../../i386-linux-gnu/crti.o
 .gnu.linkonce.t.__x86.get_pc_thunk.bx
                0x000000000000ec30        0x4 /usr/lib/gcc/i686-linux-gnu/5/../../../i386-linux-gnu/crti.o
                0x000000000000ec30                __x86.get_pc_thunk.bx
 *fill*         0x000000000000ec34        0xc 
 .text          0x000000000000ec40      0x11c /usr/lib/gcc/i686-linux-gnu/5/crtbeginS.o
 .text.__x86.get_pc_thunk.dx
                0x000000000000ed5c        0x4 /usr/lib/gcc/i686-linux-gnu/5/crtbeginS.o
                0x000000000000ed5c                __x86.get_pc_thunk.dx
 .text          0x000000000000ed60      0x45d udp-server.o
                0x000000000000ed60                check_ip
 .text          0x000000000000f1bd      0x271 obj_cooja/mtype414.o
                0x000000000000f24f                platform_init_stage_one
                0x000000000000f255                platform_init_stage_two
                0x000000000000f263                platform_init_stage_three
                0x000000000000f276                platform_main_loop
                0x000000000000f2e9                Java_org_contikios_cooja_corecomm_Lib3_init
                0x000000000000f320                Java_org_contikios_cooja_corecomm_Lib3_getMemory
                0x000000000000f353                Java_org_contikios_cooja_corecomm_Lib3_setMemory
                0x000000000000f3b3                Java_org_contikios_cooja_corecomm_Lib3_tick
                0x000000000000f41b                Java_org_contikios_cooja_corecomm_Lib3_setReferenceAddress
 .text          0x000000000000f42e       0x65 obj_cooja/mtype414.a(simEnvChange.o)
                0x000000000000f42e                doActionsBeforeTick
                0x000000000000f460                doActionsAfterTick
 .text          0x000000000000f493       0x83 obj_cooja/mtype414.a(cooja_mt.o)
                0x000000000000f493                cooja_mt_start
                0x000000000000f4bd                cooja_mt_exec
                0x000000000000f4f3                cooja_mt_yield
 .text          0x000000000000f516       0xbe obj_cooja/mtype414.a(cooja_mtarch.o)
                0x000000000000f516                cooja_mtarch_start
                0x000000000000f589                cooja_sw
                0x000000000000f5ac                cooja_mtarch_exec
                0x000000000000f5c9                cooja_mtarch_yield
 .text          0x000000000000f5d4       0xc5 obj_cooja/mtype414.a(rtimer-arch.o)
                0x000000000000f5d4                rtimer_arch_init
                0x000000000000f5f8                rtimer_arch_schedule
                0x000000000000f628                rtimer_arch_next
                0x000000000000f638                rtimer_arch_pending
                0x000000000000f642                rtimer_arch_check
                0x000000000000f689                rtimer_arch_now
 .text          0x000000000000f699       0x81 obj_cooja/mtype414.a(beep.o)
                0x000000000000f699                beep_alarm
                0x000000000000f6a6                beep_beep
                0x000000000000f6b3                beep
                0x000000000000f6c0                beep_down
                0x000000000000f6cd                beep_on
                0x000000000000f6da                beep_off
                0x000000000000f6e7                beep_spinup
                0x000000000000f6f4                beep_quick
                0x000000000000f701                beep_long
 .text          0x000000000000f71a      0x10d obj_cooja/mtype414.a(button-sensor.o)
 .text          0x000000000000f827       0x49 obj_cooja/mtype414.a(leds-arch.o)
                0x000000000000f827                leds_arch_init
                0x000000000000f834                leds_arch_get
                0x000000000000f840                leds_arch_set
 .text          0x000000000000f870       0x35 obj_cooja/mtype414.a(moteid.o)
 .text          0x000000000000f8a5       0xb7 obj_cooja/mtype414.a(pir-sensor.o)
 .text          0x000000000000f95c      0x148 obj_cooja/mtype414.a(rs232.o)
                0x000000000000f95c                rs232_init
                0x000000000000f962                rs232_set_speed
                0x000000000000f971                rs232_set_input
                0x000000000000f97f                rs232_send
                0x000000000000f9a3                rs232_print
                0x000000000000f9bf                slip_arch_writeb
 .text          0x000000000000faa4       0xb7 obj_cooja/mtype414.a(vib-sensor.o)
 .text          0x000000000000fb5b       0x38 obj_cooja/mtype414.a(clock.o)
                0x000000000000fb5b                clock_init
                0x000000000000fb61                clock_time
                0x000000000000fb6b                clock_seconds
                0x000000000000fb81                clock_delay
 .text          0x000000000000fb93      0x219 obj_cooja/mtype414.a(cooja-log.o)
                0x000000000000fb93                simlog_char
                0x000000000000fbd6                simlog
                0x000000000000fc4c                log_message
                0x000000000000fc7d                log_set_putchar_with_slip
                0x000000000000fc8b                log_putchar
                0x000000000000fd06                log_puts
                0x000000000000fd2e                log_printf
 .text          0x000000000000fdac      0x2b9 obj_cooja/mtype414.a(cfs-cooja.o)
                0x000000000000fdac                cfs_open
                0x000000000000fe15                cfs_close
                0x000000000000fe22                cfs_read
                0x000000000000feb7                cfs_write
                0x000000000000ff93                cfs_seek
                0x000000000001001b                cfs_remove
                0x000000000001003f                cfs_opendir
                0x0000000000010049                cfs_readdir
                0x0000000000010053                cfs_closedir
 .text          0x0000000000010065      0x605 obj_cooja/mtype414.a(cooja-radio.o)
                0x00000000000100a7                radio_set_channel
                0x00000000000100b5                radio_set_txpower
                0x00000000000100cd                radio_signal_strength_last
                0x00000000000100d7                radio_signal_strength_current
                0x00000000000100e1                radio_LQI
 .text          0x000000000001066a       0xee obj_cooja/mtype414.a(eeprom.o)
                0x000000000001066a                eeprom_init
                0x0000000000010670                eeprom_read
                0x00000000000106de                eeprom_write
 .text          0x0000000000010758       0x2d obj_cooja/mtype414.a(random.o)
                0x0000000000010758                random_init
                0x0000000000010778                random_rand
 .text          0x0000000000010785      0x29c obj_cooja/mtype414.a(sensors.o)
                0x00000000000107c0                sensors_first
                0x00000000000107ca                sensors_next
                0x00000000000107e4                sensors_changed
                0x0000000000010818                sensors_find
 .text          0x0000000000010a21      0x328 obj_cooja/mtype414.a(contiki-main.o)
                0x0000000000010a21                main
 .text          0x0000000000010d49       0x92 obj_cooja/mtype414.a(autostart.o)
                0x0000000000010d49                autostart_start
                0x0000000000010d93                autostart_exit
 .text          0x0000000000010ddb      0x355 obj_cooja/mtype414.a(ctimer.o)
                0x0000000000010f03                ctimer_init
                0x0000000000010f36                ctimer_set
                0x0000000000010f5c                ctimer_set_with_process
                0x0000000000010fd9                ctimer_reset
                0x000000000001102d                ctimer_restart
                0x0000000000011081                ctimer_stop
                0x00000000000110d1                ctimer_expired
 .text          0x0000000000011130       0x1b obj_cooja/mtype414.a(energest.o)
                0x0000000000011130                energest_init
                0x0000000000011136                energest_flush
                0x000000000001113c                energest_get_total_time
 .text          0x000000000001114b      0x43f obj_cooja/mtype414.a(etimer.o)
                0x000000000001136f                etimer_request_poll
                0x00000000000113f8                etimer_set
                0x0000000000011421                etimer_reset_with_new_interval
                0x0000000000011450                etimer_reset
                0x0000000000011476                etimer_restart
                0x000000000001149c                etimer_adjust
                0x00000000000114b9                etimer_expired
                0x00000000000114cc                etimer_expiration_time
                0x00000000000114de                etimer_start_time
                0x00000000000114e8                etimer_pending
                0x00000000000114fa                etimer_next_expiration_time
                0x0000000000011514                etimer_stop
 .text          0x000000000001158a      0x394 obj_cooja/mtype414.a(log.o)
                0x000000000001158a                log_6addr
                0x00000000000115dd                log_6addr_compact_snprint
                0x000000000001167b                log_6addr_compact
                0x00000000000116ce                log_lladdr
                0x0000000000011740                log_lladdr_compact
                0x00000000000117a8                log_set_level
                0x0000000000011863                log_get_level
                0x00000000000118dc                log_level_to_str
 .text          0x000000000001191e      0x4fb obj_cooja/mtype414.a(process.o)
                0x000000000001191e                process_alloc_event
                0x0000000000011933                process_start
                0x0000000000011b0d                process_exit
                0x0000000000011b2a                process_init
                0x0000000000011cbf                process_run
                0x0000000000011cf2                process_nevents
                0x0000000000011d0d                process_post
                0x0000000000011da0                process_post_synch
                0x0000000000011dd5                process_poll
                0x0000000000011e05                process_is_running
 .text          0x0000000000011e19       0xeb obj_cooja/mtype414.a(rtimer.o)
                0x0000000000011e19                rtimer_init
                0x0000000000011e27                rtimer_set
                0x0000000000011ea2                rtimer_run_next
 .text          0x0000000000011f04       0x25 obj_cooja/mtype414.a(node-id.o)
                0x0000000000011f04                node_id_init
 .text          0x0000000000011f29       0x9c obj_cooja/mtype414.a(timer.o)
                0x0000000000011f29                timer_set
                0x0000000000011f47                timer_reset
                0x0000000000011f5f                timer_restart
                0x0000000000011f74                timer_expired
                0x0000000000011fa1                timer_remaining
 .text          0x0000000000011fc5      0x1eb obj_cooja/mtype414.a(serial-line.o)
                0x0000000000011fc5                serial_line_input_byte
                0x000000000001217b                serial_line_init
 .text          0x00000000000121b0      0x28f obj_cooja/mtype414.a(list.o)
                0x00000000000121b0                list_init
                0x00000000000121bf                list_head
                0x00000000000121c9                list_copy
                0x00000000000121d9                list_tail
                0x000000000001220f                list_add
                0x000000000001225b                list_push
                0x0000000000012287                list_chop
                0x00000000000122f1                list_pop
                0x0000000000012319                list_remove
                0x0000000000012381                list_length
                0x00000000000123af                list_insert
                0x00000000000123f4                list_item_next
                0x000000000001240b                list_contains
 .text          0x000000000001243f      0x156 obj_cooja/mtype414.a(ringbuf.o)
                0x000000000001243f                ringbuf_init
                0x0000000000012471                ringbuf_put
                0x00000000000124ef                ringbuf_get
                0x000000000001255c                ringbuf_size
                0x000000000001256e                ringbuf_elements
 .text          0x0000000000012595      0x407 obj_cooja/mtype414.a(packetbuf.o)
                0x0000000000012595                packetbuf_clear
                0x00000000000125c0                packetbuf_copyfrom
                0x000000000001260f                packetbuf_copyto
                0x00000000000126a2                packetbuf_hdralloc
                0x000000000001271e                packetbuf_hdrreduce
                0x0000000000012764                packetbuf_set_datalen
                0x000000000001277e                packetbuf_dataptr
                0x000000000001279b                packetbuf_hdrptr
                0x00000000000127a5                packetbuf_datalen
                0x00000000000127b1                packetbuf_hdrlen
                0x00000000000127c8                packetbuf_totlen
                0x00000000000127de                packetbuf_remaininglen
                0x00000000000127f1                packetbuf_attr_clear
                0x000000000001283d                packetbuf_attr_copyto
                0x0000000000012895                packetbuf_attr_copyfrom
                0x00000000000128ed                packetbuf_set_attr
                0x0000000000012917                packetbuf_attr
                0x0000000000012931                packetbuf_set_addr
                0x0000000000012962                packetbuf_addr
                0x000000000001297f                packetbuf_holds_broadcast
 .text          0x000000000001299c       0xef obj_cooja/mtype414.a(netstack.o)
                0x000000000001299c                netstack_process_ip_callback
                0x0000000000012a2d                netstack_ip_packet_processor_add
                0x0000000000012a50                uip_ds6_ip_packet_processor_rm
                0x0000000000012a6d                netstack_init
 .text          0x0000000000012a8b       0x4f obj_cooja/mtype414.a(linkaddr.o)
                0x0000000000012a8b                linkaddr_copy
                0x0000000000012aa1                linkaddr_cmp
                0x0000000000012ac4                linkaddr_set_node_addr
 .text          0x0000000000012ada      0x165 obj_cooja/mtype414.a(csma.o)
 .text          0x0000000000012c3f      0x944 obj_cooja/mtype414.a(csma-output.o)
                0x00000000000132b8                csma_output_packet
                0x0000000000013545                csma_output_init
 .text          0x0000000000013583      0xb25 obj_cooja/mtype414.a(uip-ds6.o)
                0x0000000000013583                uip_ds6_init
                0x000000000001372e                uip_ds6_periodic
                0x00000000000137b5                uip_ds6_list_loop
                0x0000000000013875                uip_ds6_prefix_add
                0x0000000000013921                uip_ds6_prefix_rm
                0x0000000000013934                uip_ds6_prefix_lookup
                0x0000000000013973                uip_ds6_is_addr_onlink
                0x00000000000139e6                uip_ds6_addr_add
                0x0000000000013b06                uip_ds6_addr_rm
                0x0000000000013baf                uip_ds6_addr_lookup
                0x0000000000013be8                uip_ds6_get_link_local
                0x0000000000013c69                uip_ds6_get_global
                0x0000000000013cea                uip_ds6_maddr_add
                0x0000000000013d4a                uip_ds6_maddr_rm
                0x0000000000013d5d                uip_ds6_maddr_lookup
                0x0000000000013d96                uip_ds6_aaddr_add
                0x0000000000013df6                uip_ds6_aaddr_rm
                0x0000000000013e09                uip_ds6_aaddr_lookup
                0x0000000000013e42                uip_ds6_select_src
                0x0000000000013f8b                uip_ds6_set_addr_iid
                0x0000000000013fb6                uip_ds6_set_lladdr_from_iid
                0x0000000000013fdf                get_match_length
                0x0000000000014070                uip_ds6_compute_reachable_time
 .text          0x00000000000140a8      0x737 obj_cooja/mtype414.a(tcpip.o)
                0x00000000000140c2                tcpip_output
                0x0000000000014151                udp_attach
                0x0000000000014169                udp_new
                0x00000000000141b3                udp_broadcast_new
                0x0000000000014325                tcpip_input
                0x00000000000144c5                tcpip_ipv6_output
                0x00000000000146d9                tcpip_poll_udp
                0x00000000000146f7                tcpip_uipcall
 .text          0x00000000000147df      0x35b obj_cooja/mtype414.a(uip-ds6-route.o)
                0x0000000000014830                uip_ds6_route_init
                0x000000000001485a                uip_ds6_route_nexthop
                0x0000000000014864                uip_ds6_route_head
                0x000000000001486e                uip_ds6_route_next
                0x0000000000014878                uip_ds6_route_is_nexthop
                0x0000000000014882                uip_ds6_route_num_routes
                0x000000000001488c                uip_ds6_route_lookup
                0x0000000000014896                uip_ds6_route_add
                0x00000000000148a9                uip_ds6_route_rm
                0x00000000000148af                uip_ds6_route_rm_by_nexthop
                0x00000000000148b5                uip_ds6_defrt_head
                0x00000000000148ce                uip_ds6_defrt_add
                0x000000000001497c                uip_ds6_defrt_rm
                0x00000000000149e2                uip_ds6_defrt_lookup
                0x0000000000014a49                uip_ds6_defrt_choose
                0x0000000000014abf                uip_ds6_defrt_periodic
 .text          0x0000000000014b3a     0x123f obj_cooja/mtype414.a(uip6.o)
                0x0000000000014be9                uip_chksum
                0x0000000000014cca                uip_icmp6chksum
                0x0000000000014cdf                uip_udpchksum
                0x0000000000014cf4                uip_init
                0x0000000000014d38                remove_ext_hdr
                0x0000000000014e1d                uip_udp_new
                0x000000000001513a                uip_process
                0x0000000000015c74                uip_htons
                0x0000000000015c96                uip_htonl
                0x0000000000015cd4                uip_send
 .text          0x0000000000015d79      0x374 obj_cooja/mtype414.a(uip-ds6-nbr.o)
                0x0000000000015d79                uip_ds6_neighbors_init
                0x0000000000015d9d                uip_ds6_nbr_add
                0x0000000000015e23                uip_ds6_nbr_rm
                0x0000000000015e6e                uip_ds6_nbr_update_ll
                0x0000000000015f5c                uip_ds6_nbr_get_ipaddr
                0x0000000000015f71                uip_ds6_nbr_get_ll
                0x0000000000015f8d                uip_ds6_nbr_num
                0x0000000000015fd6                uip_ds6_nbr_head
                0x0000000000015fef                uip_ds6_nbr_next
                0x000000000001600b                uip_ds6_nbr_lookup
                0x000000000001606e                uip_ds6_nbr_ll_lookup
                0x000000000001608a                uip_ds6_nbr_ipaddr_from_lladdr
                0x00000000000160b3                uip_ds6_nbr_lladdr_from_ipaddr
                0x00000000000160e7                uip_ds6_link_callback
 .text          0x00000000000160ed      0x6b5 obj_cooja/mtype414.a(uip-nd6.o)
                0x0000000000016789                uip_nd6_init
 .text          0x00000000000167a2      0x37a obj_cooja/mtype414.a(simple-udp.o)
                0x00000000000167cf                simple_udp_send
                0x0000000000016832                simple_udp_sendto
                0x000000000001688d                simple_udp_sendto_port
                0x00000000000168e6                simple_udp_register
 .text          0x0000000000016b1c     0x2a78 obj_cooja/mtype414.a(sicslowpan.o)
                0x000000000001701a                netstack_sniffer_add
                0x0000000000017028                netstack_sniffer_remove
                0x0000000000019560                sicslowpan_init
                0x000000000001958a                sicslowpan_get_last_rssi
 .text          0x0000000000019594      0x4d1 obj_cooja/mtype414.a(uiplib.o)
                0x0000000000019594                uiplib_ip6addrconv
                0x000000000001974c                uiplib_ip4addrconv
                0x000000000001980f                uiplib_ipaddr_print
                0x0000000000019862                uiplib_ipaddr_snprint
 .text          0x0000000000019a65      0x4c9 obj_cooja/mtype414.a(rpl.o)
                0x0000000000019a65                rpl_lollipop_greater_than
                0x0000000000019abf                rpl_get_global_address
                0x0000000000019bb7                rpl_link_callback
                0x0000000000019bfb                rpl_has_joined
                0x0000000000019c20                rpl_is_reachable
                0x0000000000019ca1                rpl_reset_prefix
                0x0000000000019d0b                rpl_set_prefix_from_addr
                0x0000000000019df0                rpl_set_prefix
                0x0000000000019f0a                rpl_set_leaf_only
                0x0000000000019f22                rpl_get_leaf_only
 .text          0x0000000000019f2e     0x13cb obj_cooja/mtype414.a(rpl-icmp6.o)
                0x000000000001a053                rpl_icmp6_update_nbr_table
                0x000000000001a0ec                rpl_icmp6_dis_output
                0x000000000001a742                rpl_icmp6_dio_output
                0x000000000001af4f                rpl_icmp6_dao_output
                0x000000000001b240                rpl_icmp6_dao_ack_output
                0x000000000001b2b0                rpl_icmp6_init
 .text          0x000000000001b2f9      0xe51 obj_cooja/mtype414.a(rpl-dag.o)
                0x000000000001b2f9                rpl_dag_state_to_str
                0x000000000001b338                rpl_dag_get_root_ipaddr
                0x000000000001b380                rpl_dag_leave
                0x000000000001b409                rpl_dag_poison_and_leave
                0x000000000001b421                rpl_dag_periodic
                0x000000000001b4a9                rpl_is_addr_in_our_dag
                0x000000000001b4ed                rpl_get_default_instance
                0x000000000001b509                rpl_get_any_dag
                0x000000000001b562                rpl_refresh_routes
                0x000000000001b5a2                rpl_global_repair
                0x000000000001b62e                rpl_local_repair
                0x000000000001b678                rpl_dag_ready_to_advertise
                0x000000000001b6bb                rpl_dag_update_state
                0x000000000001bddf                rpl_process_dio
                0x000000000001be60                rpl_process_dis
                0x000000000001bea5                rpl_process_dao
                0x000000000001bf34                rpl_process_dao_ack
                0x000000000001bfc6                rpl_process_hbh
                0x000000000001c016                rpl_dag_init_root
                0x000000000001c12a                rpl_dag_init
 .text          0x000000000001c14a      0x286 obj_cooja/mtype414.a(rpl-dag-root.o)
                0x000000000001c14a                rpl_dag_root_print_links
                0x000000000001c298                rpl_dag_root_set_prefix
                0x000000000001c2c4                rpl_dag_root_start
                0x000000000001c3a1                rpl_dag_root_is_root
 .text          0x000000000001c3d0       0x1e obj_cooja/mtype414.a(watchdog.o)
                0x000000000001c3d0                watchdog_init
                0x000000000001c3d6                watchdog_start
                0x000000000001c3dc                watchdog_periodic
                0x000000000001c3e2                watchdog_stop
                0x000000000001c3e8                watchdog_reboot
 .text          0x000000000001c3ee       0xb2 obj_cooja/mtype414.a(stimer.o)
                0x000000000001c3ee                stimer_set
                0x000000000001c40c                stimer_reset
                0x000000000001c424                stimer_restart
                0x000000000001c439                stimer_expired
                0x000000000001c464                stimer_remaining
                0x000000000001c488                stimer_elapsed
 .text          0x000000000001c4a0      0x1b8 obj_cooja/mtype414.a(memb.o)
                0x000000000001c4a0                memb_init
                0x000000000001c4f5                memb_alloc
                0x000000000001c55a                memb_free
                0x000000000001c5d5                memb_inmemb
                0x000000000001c614                memb_numfree
 .text          0x000000000001c658      0x2e7 obj_cooja/mtype414.a(queuebuf.o)
                0x000000000001c662                queuebuf_init
                0x000000000001c68b                queuebuf_numfree
                0x000000000001c6a3                queuebuf_new_from_packetbuf
                0x000000000001c742                queuebuf_update_attr_from_packetbuf
                0x000000000001c777                queuebuf_update_from_packetbuf
                0x000000000001c7c7                queuebuf_free
                0x000000000001c810                queuebuf_to_packetbuf
                0x000000000001c87c                queuebuf_dataptr
                0x000000000001c8b6                queuebuf_datalen
                0x000000000001c8d9                queuebuf_addr
                0x000000000001c90e                queuebuf_attr
                0x000000000001c939                queuebuf_debug_print
 .text          0x000000000001c93f      0x78b obj_cooja/mtype414.a(nbr-table.o)
                0x000000000001cdb8                nbr_table_register
                0x000000000001ce25                nbr_table_is_registered
                0x000000000001ce60                nbr_table_head
                0x000000000001cebb                nbr_table_next
                0x000000000001cf1c                nbr_table_add_lladdr
                0x000000000001cfe6                nbr_table_get_from_lladdr
                0x000000000001d032                nbr_table_remove
                0x000000000001d06a                nbr_table_lock
                0x000000000001d084                nbr_table_unlock
                0x000000000001d09e                nbr_table_get_lladdr
 .text          0x000000000001d0ca      0x37c obj_cooja/mtype414.a(link-stats.o)
                0x000000000001d0ca                link_stats_from_lladdr
                0x000000000001d0e6                link_stats_is_fresh
                0x000000000001d122                guess_etx_from_rssi
                0x000000000001d19e                link_stats_packet_sent
                0x000000000001d2b1                link_stats_input_callback
                0x000000000001d3c1                link_stats_reset
                0x000000000001d411                link_stats_init
 .text          0x000000000001d446      0x187 obj_cooja/mtype414.a(mac-sequence.o)
                0x000000000001d446                mac_sequence_is_duplicate
                0x000000000001d4e6                mac_sequence_register_seqno
 .text          0x000000000001d5cd       0x23 obj_cooja/mtype414.a(mac.o)
                0x000000000001d5cd                mac_call_sent_callback
 .text          0x000000000001d5f0      0x41d obj_cooja/mtype414.a(framer-802154.o)
                0x000000000001d77f                framer_802154_setup_params
 .text          0x000000000001da0d      0xb6f obj_cooja/mtype414.a(frame802154.o)
                0x000000000001da3e                frame802154_get_pan_id
                0x000000000001da4a                frame802154_set_pan_id
                0x000000000001da64                frame802154_has_panid
                0x000000000001dc13                frame802154_check_dest_panid
                0x000000000001dc9b                frame802154_is_broadcast_addr
                0x000000000001dce8                frame802154_extract_linkaddr
                0x000000000001df4d                frame802154_hdrlen
                0x000000000001dfc0                frame802154_create_fcf
                0x000000000001e078                frame802154_create
                0x000000000001e1ed                frame802154_parse_fcf
                0x000000000001e2cf                frame802154_parse
 .text          0x000000000001e57c      0x1ec obj_cooja/mtype414.a(uipbuf.o)
                0x000000000001e57c                uipbuf_get_next_header
                0x000000000001e5eb                uipbuf_get_last_header
                0x000000000001e672                uipbuf_get_attr
                0x000000000001e699                uipbuf_set_attr
                0x000000000001e6d0                uipbuf_clear_attr
                0x000000000001e6fc                uipbuf_set_attr_flag
                0x000000000001e71d                uipbuf_clr_attr_flag
                0x000000000001e744                uipbuf_is_attr_flag
 .text          0x000000000001e768      0x96e obj_cooja/mtype414.a(uip-icmp6.o)
                0x000000000001e7dd                uip_icmp6_input
                0x000000000001e834                uip_icmp6_register_input_handler
                0x000000000001ea40                uip_icmp6_error_output
                0x000000000001ed9f                uip_icmp6_send
                0x000000000001f05e                uip_icmp6_echo_reply_callback_add
                0x000000000001f090                uip_icmp6_echo_reply_callback_rm
                0x000000000001f0ad                uip_icmp6_init
 .text          0x000000000001f0d6      0x69b obj_cooja/mtype414.a(uip-sr.o)
                0x000000000001f0d6                uip_sr_num_nodes
                0x000000000001f164                uip_sr_get_node
                0x000000000001f1bb                uip_sr_is_addr_reachable
                0x000000000001f269                uip_sr_expire_parent
                0x000000000001f2b2                uip_sr_update_node
                0x000000000001f3e2                uip_sr_init
                0x000000000001f416                uip_sr_node_head
                0x000000000001f42f                uip_sr_node_next
                0x000000000001f445                uip_sr_periodic
                0x000000000001f54b                uip_sr_free_all
                0x000000000001f5bb                uip_sr_link_snprint
 .text          0x000000000001f771      0x146 obj_cooja/mtype414.a(uip-packetqueue)
                0x000000000001f79f                uip_packetqueue_new
                0x000000000001f7ae                uip_packetqueue_alloc
                0x000000000001f809                uip_packetqueue_free
                0x000000000001f850                uip_packetqueue_buf
                0x000000000001f86d                uip_packetqueue_buflen
                0x000000000001f88e                uip_packetqueue_set_buflen
 .text          0x000000000001f8b7      0x128 obj_cooja/mtype414.a(uip-udp-packet.)
                0x000000000001f8b7                uip_udp_packet_send
                0x000000000001f912                uip_udp_packet_sendto
 .text          0x000000000001f9df      0x1c8 obj_cooja/mtype414.a(rpl-nbr-policy.)
                0x000000000001fb64                rpl_nbr_policy_find_removable
 .text          0x000000000001fba7      0x8ed obj_cooja/mtype414.a(rpl-neighbor.o)
                0x000000000001fc23                rpl_neighbor_snprint
                0x000000000001fed0                rpl_neighbor_print_list
                0x000000000001ff85                rpl_neighbor_count
                0x000000000002002c                rpl_neighbor_get_from_lladdr
                0x0000000000020048                rpl_neighbor_is_acceptable_parent
                0x000000000002007c                rpl_neighbor_get_link_metric
                0x00000000000200b0                rpl_neighbor_rank_via_nbr
                0x00000000000200e4                rpl_neighbor_get_lladdr
                0x0000000000020100                rpl_neighbor_get_ipaddr
                0x0000000000020127                rpl_neighbor_get_link_stats
                0x000000000002014e                rpl_neighbor_is_fresh
                0x0000000000020175                rpl_neighbor_is_reachable
                0x00000000000201c0                rpl_neighbor_is_parent
                0x00000000000201ea                rpl_neighbor_set_preferred_parent
                0x0000000000020276                rpl_neighbor_remove_all
                0x00000000000202c5                rpl_neighbor_get_from_ipaddr
                0x00000000000203c9                rpl_neighbor_select_best
                0x0000000000020475                rpl_neighbor_init
 .text          0x0000000000020494      0xa19 obj_cooja/mtype414.a(rpl-timers.o)
                0x0000000000020494                rpl_timers_schedule_periodic_dis
                0x00000000000205e2                rpl_timers_dio_reset
                0x00000000000206d3                rpl_timers_schedule_unicast_dio
                0x0000000000020859                rpl_timers_schedule_dao
                0x0000000000020993                rpl_timers_schedule_dao_ack
                0x0000000000020a19                get_probing_delay
                0x0000000000020a4d                get_probing_target
                0x0000000000020c37                rpl_schedule_probing
                0x0000000000020c65                rpl_schedule_probing_now
                0x0000000000020ccf                rpl_timers_unschedule_leaving
                0x0000000000020d07                rpl_timers_schedule_leaving
                0x0000000000020d48                rpl_timers_init
                0x0000000000020dd8                rpl_timers_stop_dag_timers
                0x0000000000020e51                rpl_timers_unschedule_state_update
                0x0000000000020e75                rpl_timers_schedule_state_update
 .text          0x0000000000020ead     0x102c obj_cooja/mtype414.a(rpl-ext-header.)
                0x0000000000020ead                rpl_ext_header_srh_get_next_hop
                0x0000000000021029                rpl_ext_header_srh_update
                0x0000000000021722                rpl_ext_header_hbh_update
                0x0000000000021c77                rpl_ext_header_update
                0x0000000000021d00                rpl_ext_header_remove
 .text          0x0000000000021ed9      0x31b obj_cooja/mtype414.a(rpl-mrhof.o)
 .text          0x00000000000221f4        0x0 /usr/lib/gcc/i686-linux-gnu/5/crtendS.o
 .text          0x00000000000221f4        0x0 /usr/lib/gcc/i686-linux-gnu/5/../../../i386-linux-gnu/crtn.o
 *(.gnu.warning)

.fini           0x00000000000221f4       0x14
 *(SORT(.fini))
 .fini          0x00000000000221f4        0xf /usr/lib/gcc/i686-linux-gnu/5/../../../i386-linux-gnu/crti.o
                0x00000000000221f4                _fini
 .fini          0x0000000000022203        0x5 /usr/lib/gcc/i686-linux-gnu/5/../../../i386-linux-gnu/crtn.o
                [!provide]                        PROVIDE (__etext, .)
                [!provide]                        PROVIDE (_etext, .)
                [!provide]                        PROVIDE (etext, .)

.rodata         0x0000000000022220      0x780
 *(.rodata .rodata.* .gnu.linkonce.r.*)
 .rodata        0x0000000000022220       0x68 udp-server.o
                0x000000000002222c                autostart_processes
 .rodata        0x0000000000022288        0x8 obj_cooja/mtype414.a(beep.o)
                0x0000000000022288                beep_interface
 .rodata        0x0000000000022290       0x20 obj_cooja/mtype414.a(button-sensor.o)
                0x0000000000022290                button_interface
                0x00000000000222a0                button_sensor
 .rodata        0x00000000000222b0        0x8 obj_cooja/mtype414.a(leds-arch.o)
                0x00000000000222b0                leds_interface
 .rodata        0x00000000000222b8        0x8 obj_cooja/mtype414.a(moteid.o)
                0x00000000000222b8                moteid_interface
 .rodata        0x00000000000222c0       0x1c obj_cooja/mtype414.a(pir-sensor.o)
                0x00000000000222c0                pir_interface
                0x00000000000222cc                pir_sensor
 .rodata        0x00000000000222dc        0xe obj_cooja/mtype414.a(rs232.o)
                0x00000000000222dc                rs232_interface
 *fill*         0x00000000000222ea        0x2 
 .rodata        0x00000000000222ec       0x24 obj_cooja/mtype414.a(vib-sensor.o)
                0x00000000000222ec                vib_interface
                0x0000000000022300                vib_sensor
 .rodata        0x0000000000022310        0x8 obj_cooja/mtype414.a(clock.o)
                0x0000000000022310                clock_interface
 .rodata        0x0000000000022318        0x8 obj_cooja/mtype414.a(cooja-log.o)
                0x0000000000022318                simlog_interface
 .rodata        0x0000000000022320       0x2f obj_cooja/mtype414.a(cfs-cooja.o)
                0x0000000000022320                cfs_interface
 *fill*         0x000000000002234f       0x11 
 .rodata        0x0000000000022360       0x58 obj_cooja/mtype414.a(cooja-radio.o)
                0x0000000000022360                radio_interface
                0x0000000000022380                cooja_radio_driver
 .rodata        0x00000000000223b8        0x8 obj_cooja/mtype414.a(eeprom.o)
                0x00000000000223b8                eeprom_interface
 .rodata        0x00000000000223c0        0x8 obj_cooja/mtype414.a(sensors.o)
 .rodata        0x00000000000223c8       0xf8 obj_cooja/mtype414.a(contiki-main.o)
 .rodata        0x00000000000224c0        0xf obj_cooja/mtype414.a(ctimer.o)
 .rodata        0x00000000000224cf        0xc obj_cooja/mtype414.a(etimer.o)
 *fill*         0x00000000000224db        0x1 
 .rodata        0x00000000000224dc       0xc0 obj_cooja/mtype414.a(log.o)
 .rodata        0x000000000002259c        0xe obj_cooja/mtype414.a(serial-line.o)
 *fill*         0x00000000000225aa        0x2 
 .rodata        0x00000000000225ac        0x8 obj_cooja/mtype414.a(linkaddr.o)
                0x00000000000225ac                linkaddr_null
 .rodata        0x00000000000225b4       0x20 obj_cooja/mtype414.a(csma.o)
                0x00000000000225bc                csma_driver
 .rodata        0x00000000000225d4        0xd obj_cooja/mtype414.a(tcpip.o)
 *fill*         0x00000000000225e1        0x3 
 .rodata        0x00000000000225e4       0x4d obj_cooja/mtype414.a(uip-ds6-route.o)
 *fill*         0x0000000000022631        0x3 
 .rodata        0x0000000000022634       0xf4 obj_cooja/mtype414.a(uip6.o)
 .rodata        0x0000000000022728       0x13 obj_cooja/mtype414.a(simple-udp.o)
 *fill*         0x000000000002273b        0x1 
 .rodata        0x000000000002273c       0x30 obj_cooja/mtype414.a(sicslowpan.o)
                0x000000000002273c                unc_llconf
                0x0000000000022740                unc_ctxconf
                0x0000000000022744                unc_mxconf
                0x0000000000022748                llprefix
                0x000000000002275c                sicslowpan_driver
 .rodata        0x000000000002276c       0x2d obj_cooja/mtype414.a(uiplib.o)
 *fill*         0x0000000000022799        0x7 
 .rodata        0x00000000000227a0       0x70 obj_cooja/mtype414.a(rpl.o)
                0x00000000000227c0                rpl_lite_driver
 .rodata        0x0000000000022810       0xdb obj_cooja/mtype414.a(rpl-dag.o)
 *fill*         0x00000000000228eb        0x1 
 .rodata        0x00000000000228ec        0xc obj_cooja/mtype414.a(framer-802154.o)
                0x00000000000228ec                framer_802154
 .rodata        0x00000000000228f8       0x44 obj_cooja/mtype414.a(uip-sr.o)
 .rodata        0x000000000002293c       0x58 obj_cooja/mtype414.a(rpl-neighbor.o)
 .rodata        0x0000000000022994        0xc obj_cooja/mtype414.a(rpl-timers.o)

.rodata1
 *(.rodata1)

.eh_frame_hdr   0x00000000000229a0     0x13f4
 *(.eh_frame_hdr)
 .eh_frame_hdr  0x00000000000229a0     0x13f4 udp-server.o
                0x00000000000229a0                __GNU_EH_FRAME_HDR
 *(.eh_frame_entry .eh_frame_entry.*)

.eh_frame       0x0000000000023d94     0x50cc
 *(.eh_frame)
 .eh_frame      0x0000000000023d94       0x3c /usr/lib/gcc/i686-linux-gnu/5/../../../i386-linux-gnu/crti.o
                                         0x40 (size before relaxing)
 .eh_frame      0x0000000000023dd0       0x64 udp-server.o
                                         0x7c (size before relaxing)
 .eh_frame      0x0000000000023e34      0x178 obj_cooja/mtype414.o
                                        0x190 (size before relaxing)
 .eh_frame      0x0000000000023fac       0x40 obj_cooja/mtype414.a(simEnvChange.o)
                                         0x58 (size before relaxing)
 .eh_frame      0x0000000000023fec       0x60 obj_cooja/mtype414.a(cooja_mt.o)
                                         0x78 (size before relaxing)
 .eh_frame      0x000000000002404c       0x80 obj_cooja/mtype414.a(cooja_mtarch.o)
                                         0x98 (size before relaxing)
 .eh_frame      0x00000000000240cc       0xc8 obj_cooja/mtype414.a(rtimer-arch.o)
                                         0xe0 (size before relaxing)
 .eh_frame      0x0000000000024194      0x160 obj_cooja/mtype414.a(beep.o)
                                        0x178 (size before relaxing)
 .eh_frame      0x00000000000242f4       0xa0 obj_cooja/mtype414.a(button-sensor.o)
                                         0xb8 (size before relaxing)
 .eh_frame      0x0000000000024394       0xa0 obj_cooja/mtype414.a(leds-arch.o)
                                         0xb8 (size before relaxing)
 .eh_frame      0x0000000000024434       0x40 obj_cooja/mtype414.a(moteid.o)
                                         0x58 (size before relaxing)
 .eh_frame      0x0000000000024474       0xa0 obj_cooja/mtype414.a(pir-sensor.o)
                                         0xb8 (size before relaxing)
 .eh_frame      0x0000000000024514      0x100 obj_cooja/mtype414.a(rs232.o)
                                        0x118 (size before relaxing)
 .eh_frame      0x0000000000024614       0xa0 obj_cooja/mtype414.a(vib-sensor.o)
                                         0xb8 (size before relaxing)
 .eh_frame      0x00000000000246b4       0xc0 obj_cooja/mtype414.a(clock.o)
                                         0xd8 (size before relaxing)
 .eh_frame      0x0000000000024774      0x120 obj_cooja/mtype414.a(cooja-log.o)
                                        0x138 (size before relaxing)
 .eh_frame      0x0000000000024894      0x160 obj_cooja/mtype414.a(cfs-cooja.o)
                                        0x178 (size before relaxing)
 .eh_frame      0x00000000000249f4      0x340 obj_cooja/mtype414.a(cooja-radio.o)
                                        0x358 (size before relaxing)
 .eh_frame      0x0000000000024d34       0xa0 obj_cooja/mtype414.a(eeprom.o)
                                         0xb8 (size before relaxing)
 .eh_frame      0x0000000000024dd4       0x40 obj_cooja/mtype414.a(random.o)
                                         0x58 (size before relaxing)
 .eh_frame      0x0000000000024e14       0xc0 obj_cooja/mtype414.a(sensors.o)
                                         0xd8 (size before relaxing)
 .eh_frame      0x0000000000024ed4       0x30 obj_cooja/mtype414.a(contiki-main.o)
                                         0x48 (size before relaxing)
 .eh_frame      0x0000000000024f04       0x40 obj_cooja/mtype414.a(autostart.o)
                                         0x58 (size before relaxing)
 .eh_frame      0x0000000000024f44      0x100 obj_cooja/mtype414.a(ctimer.o)
                                        0x118 (size before relaxing)
 .eh_frame      0x0000000000025044       0x60 obj_cooja/mtype414.a(energest.o)
                                         0x78 (size before relaxing)
 .eh_frame      0x00000000000250a4      0x1e0 obj_cooja/mtype414.a(etimer.o)
                                        0x1f8 (size before relaxing)
 .eh_frame      0x0000000000025284      0x100 obj_cooja/mtype414.a(log.o)
                                        0x118 (size before relaxing)
 .eh_frame      0x0000000000025384      0x1c4 obj_cooja/mtype414.a(process.o)
                                        0x1dc (size before relaxing)
 .eh_frame      0x0000000000025548       0x60 obj_cooja/mtype414.a(rtimer.o)
                                         0x78 (size before relaxing)
 .eh_frame      0x00000000000255a8       0x20 obj_cooja/mtype414.a(node-id.o)
                                         0x38 (size before relaxing)
 .eh_frame      0x00000000000255c8       0xa4 obj_cooja/mtype414.a(timer.o)
                                         0xbc (size before relaxing)
 .eh_frame      0x000000000002566c       0x60 obj_cooja/mtype414.a(serial-line.o)
                                         0x78 (size before relaxing)
 .eh_frame      0x00000000000256cc      0x1a0 obj_cooja/mtype414.a(list.o)
                                        0x1b8 (size before relaxing)
 .eh_frame      0x000000000002586c       0xa0 obj_cooja/mtype414.a(ringbuf.o)
                                         0xb8 (size before relaxing)
 .eh_frame      0x000000000002590c      0x28c obj_cooja/mtype414.a(packetbuf.o)
                                        0x2a4 (size before relaxing)
 .eh_frame      0x0000000000025b98       0x80 obj_cooja/mtype414.a(netstack.o)
                                         0x98 (size before relaxing)
 .eh_frame      0x0000000000025c18       0x60 obj_cooja/mtype414.a(linkaddr.o)
                                         0x78 (size before relaxing)
 .eh_frame      0x0000000000025c78       0xa0 obj_cooja/mtype414.a(csma.o)
                                         0xb8 (size before relaxing)
 .eh_frame      0x0000000000025d18      0x1d4 obj_cooja/mtype414.a(csma-output.o)
                                        0x1ec (size before relaxing)
 .eh_frame      0x0000000000025eec      0x2e8 obj_cooja/mtype414.a(uip-ds6.o)
                                        0x300 (size before relaxing)
 .eh_frame      0x00000000000261d4      0x244 obj_cooja/mtype414.a(tcpip.o)
                                        0x25c (size before relaxing)
 .eh_frame      0x0000000000026418      0x220 obj_cooja/mtype414.a(uip-ds6-route.o)
                                        0x238 (size before relaxing)
 .eh_frame      0x0000000000026638      0x1a8 obj_cooja/mtype414.a(uip6.o)
                                        0x1c0 (size before relaxing)
 .eh_frame      0x00000000000267e0      0x1c0 obj_cooja/mtype414.a(uip-ds6-nbr.o)
                                        0x1d8 (size before relaxing)
 .eh_frame      0x00000000000269a0       0x84 obj_cooja/mtype414.a(uip-nd6.o)
                                         0x9c (size before relaxing)
 .eh_frame      0x0000000000026a24       0xd4 obj_cooja/mtype414.a(simple-udp.o)
                                         0xec (size before relaxing)
 .eh_frame      0x0000000000026af8      0x2f8 obj_cooja/mtype414.a(sicslowpan.o)
                                        0x310 (size before relaxing)
 .eh_frame      0x0000000000026df0       0x88 obj_cooja/mtype414.a(uiplib.o)
                                         0xa0 (size before relaxing)
 .eh_frame      0x0000000000026e78      0x1e0 obj_cooja/mtype414.a(rpl.o)
                                        0x1f8 (size before relaxing)
 .eh_frame      0x0000000000027058      0x1c4 obj_cooja/mtype414.a(rpl-icmp6.o)
                                        0x1dc (size before relaxing)
 .eh_frame      0x000000000002721c      0x370 obj_cooja/mtype414.a(rpl-dag.o)
                                        0x388 (size before relaxing)
 .eh_frame      0x000000000002758c       0xa0 obj_cooja/mtype414.a(rpl-dag-root.o)
                                         0xb8 (size before relaxing)
 .eh_frame      0x000000000002762c       0xa0 obj_cooja/mtype414.a(watchdog.o)
                                         0xb8 (size before relaxing)
 .eh_frame      0x00000000000276cc       0xc4 obj_cooja/mtype414.a(stimer.o)
                                         0xdc (size before relaxing)
 .eh_frame      0x0000000000027790       0xa0 obj_cooja/mtype414.a(memb.o)
                                         0xb8 (size before relaxing)
 .eh_frame      0x0000000000027830      0x1a0 obj_cooja/mtype414.a(queuebuf.o)
                                        0x1b8 (size before relaxing)
 .eh_frame      0x00000000000279d0      0x2ac obj_cooja/mtype414.a(nbr-table.o)
                                        0x2c4 (size before relaxing)
 .eh_frame      0x0000000000027c7c      0x100 obj_cooja/mtype414.a(link-stats.o)
                                        0x118 (size before relaxing)
 .eh_frame      0x0000000000027d7c       0x48 obj_cooja/mtype414.a(mac-sequence.o)
                                         0x60 (size before relaxing)
 .eh_frame      0x0000000000027dc4       0x20 obj_cooja/mtype414.a(mac.o)
                                         0x38 (size before relaxing)
 .eh_frame      0x0000000000027de4       0xa4 obj_cooja/mtype414.a(framer-802154.o)
                                         0xbc (size before relaxing)
 .eh_frame      0x0000000000027e88      0x1a4 obj_cooja/mtype414.a(frame802154.o)
                                        0x1bc (size before relaxing)
 .eh_frame      0x000000000002802c      0x100 obj_cooja/mtype414.a(uipbuf.o)
                                        0x118 (size before relaxing)
 .eh_frame      0x000000000002812c      0x160 obj_cooja/mtype414.a(uip-icmp6.o)
                                        0x178 (size before relaxing)
 .eh_frame      0x000000000002828c      0x184 obj_cooja/mtype414.a(uip-sr.o)
                                        0x19c (size before relaxing)
 .eh_frame      0x0000000000028410       0xe0 obj_cooja/mtype414.a(uip-packetqueue)
                                         0xf8 (size before relaxing)
 .eh_frame      0x00000000000284f0       0x40 obj_cooja/mtype414.a(uip-udp-packet.)
                                         0x58 (size before relaxing)
 .eh_frame      0x0000000000028530       0x80 obj_cooja/mtype414.a(rpl-nbr-policy.)
                                         0x98 (size before relaxing)
 .eh_frame      0x00000000000285b0      0x2d4 obj_cooja/mtype414.a(rpl-neighbor.o)
                                        0x2ec (size before relaxing)
 .eh_frame      0x0000000000028884      0x368 obj_cooja/mtype414.a(rpl-timers.o)
                                        0x380 (size before relaxing)
 .eh_frame      0x0000000000028bec      0x128 obj_cooja/mtype414.a(rpl-ext-header.)
                                        0x140 (size before relaxing)
 .eh_frame      0x0000000000028d14      0x148 obj_cooja/mtype414.a(rpl-mrhof.o)
                                        0x160 (size before relaxing)
 .eh_frame      0x0000000000028e5c        0x4 /usr/lib/gcc/i686-linux-gnu/5/crtendS.o
 *(.eh_frame.*)

.gcc_except_table
 *(.gcc_except_table .gcc_except_table.*)

.gnu_extab
 *(.gnu_extab*)

.exception_ranges
 *(.exception_ranges .exception_ranges*)
                0x0000000000029f10                . = DATA_SEGMENT_ALIGN (0x1000, 0x1000)

.eh_frame
 *(.eh_frame)
 *(.eh_frame.*)

.gnu_extab
 *(.gnu_extab)

.gcc_except_table
 *(.gcc_except_table .gcc_except_table.*)

.exception_ranges
 *(.exception_ranges .exception_ranges*)

.tdata
 *(.tdata .tdata.* .gnu.linkonce.td.*)

.tbss
 *(.tbss .tbss.* .gnu.linkonce.tb.*)
 *(.tcommon)

.preinit_array
 *(.preinit_array)

.init_array     0x0000000000029f10        0x4
 *(SORT(.init_array.*) SORT(.ctors.*))
 *(.init_array EXCLUDE_FILE(*crtend?.o *crtend.o *crtbegin?.o *crtbegin.o) .ctors)
 .init_array    0x0000000000029f10        0x4 /usr/lib/gcc/i686-linux-gnu/5/crtbeginS.o

.fini_array     0x0000000000029f14        0x4
 *(SORT(.fini_array.*) SORT(.dtors.*))
 *(.fini_array EXCLUDE_FILE(*crtend?.o *crtend.o *crtbegin?.o *crtbegin.o) .dtors)
 .fini_array    0x0000000000029f14        0x4 /usr/lib/gcc/i686-linux-gnu/5/crtbeginS.o

.ctors
 *crtbegin.o(.ctors)
 *crtbegin?.o(.ctors)
 *(EXCLUDE_FILE(*crtend?.o *crtend.o) .ctors)
 *(SORT(.ctors.*))
 *(.ctors)

.dtors
 *crtbegin.o(.dtors)
 *crtbegin?.o(.dtors)
 *(EXCLUDE_FILE(*crtend?.o *crtend.o) .dtors)
 *(SORT(.dtors.*))
 *(.dtors)

.jcr            0x0000000000029f18        0x4
 *(.jcr)
 .jcr           0x0000000000029f18        0x0 /usr/lib/gcc/i686-linux-gnu/5/crtbeginS.o
 .jcr           0x0000000000029f18        0x4 /usr/lib/gcc/i686-linux-gnu/5/crtendS.o

.data.rel.ro
 *(.data.rel.ro.local* .gnu.linkonce.d.rel.ro.local.*)
 *(.data.rel.ro .data.rel.ro.* .gnu.linkonce.d.rel.ro.*)

.dynamic        0x0000000000029f1c       0xd0
 *(.dynamic)
 .dynamic       0x0000000000029f1c       0xd0 /usr/lib/gcc/i686-linux-gnu/5/../../../i386-linux-gnu/crti.o
                0x0000000000029f1c                _DYNAMIC

.got            0x0000000000029fec       0x14
 *(.got)
 .got           0x0000000000029fec       0x14 /usr/lib/gcc/i686-linux-gnu/5/../../../i386-linux-gnu/crti.o
 *(.igot)
                0x000000000002aff4                . = DATA_SEGMENT_RELRO_END (., (SIZEOF (.got.plt) >= 0xc)?0xc:0x0)

.got.plt        0x000000000002a000        0xc
 *(.got.plt)
 .got.plt       0x000000000002a000        0xc /usr/lib/gcc/i686-linux-gnu/5/../../../i386-linux-gnu/crti.o
                0x000000000002a000                _GLOBAL_OFFSET_TABLE_
 *(.igot.plt)

.data           0x000000000002a020      0x304
 *(.data .data.* .gnu.linkonce.d.*)
 .data          0x000000000002a020        0x0 /usr/lib/gcc/i686-linux-gnu/5/../../../i386-linux-gnu/crti.o
 .data          0x000000000002a020        0x0 /usr/lib/gcc/i686-linux-gnu/5/crtbeginS.o
 .data.rel.local
                0x000000000002a020        0x4 /usr/lib/gcc/i686-linux-gnu/5/crtbeginS.o
                0x000000000002a020                __dso_handle
 .data          0x000000000002a024       0x10 udp-server.o
                0x000000000002a024                udp_server_process
 *fill*         0x000000000002a034        0xc 
 .data          0x000000000002a040       0x44 obj_cooja/mtype414.o
                0x000000000002a040                simInterfaces
                0x000000000002a074                sensors
 .data          0x000000000002a084        0x0 obj_cooja/mtype414.a(simEnvChange.o)
 .data          0x000000000002a084        0x0 obj_cooja/mtype414.a(cooja_mt.o)
 .data          0x000000000002a084        0x0 obj_cooja/mtype414.a(cooja_mtarch.o)
 .data          0x000000000002a084        0x0 obj_cooja/mtype414.a(rtimer-arch.o)
 .data          0x000000000002a084        0x0 obj_cooja/mtype414.a(beep.o)
 .data          0x000000000002a084        0x0 obj_cooja/mtype414.a(button-sensor.o)
 .data          0x000000000002a084        0x0 obj_cooja/mtype414.a(leds-arch.o)
 .data          0x000000000002a084        0x0 obj_cooja/mtype414.a(moteid.o)
 .data          0x000000000002a084        0x0 obj_cooja/mtype414.a(pir-sensor.o)
 .data          0x000000000002a084        0x0 obj_cooja/mtype414.a(rs232.o)
 .data          0x000000000002a084        0x0 obj_cooja/mtype414.a(vib-sensor.o)
 .data          0x000000000002a084        0x0 obj_cooja/mtype414.a(clock.o)
 .data          0x000000000002a084        0x0 obj_cooja/mtype414.a(cooja-log.o)
 .data          0x000000000002a084        0x0 obj_cooja/mtype414.a(cfs-cooja.o)
 .data          0x000000000002a084       0x2c obj_cooja/mtype414.a(cooja-radio.o)
                0x000000000002a084                simRadioHWOn
                0x000000000002a088                simSignalStrength
                0x000000000002a08c                simLastSignalStrength
                0x000000000002a090                simPower
                0x000000000002a094                simRadioChannel
                0x000000000002a098                simLQI
                0x000000000002a0a0                cooja_radio_process
 .data          0x000000000002a0b0        0x0 obj_cooja/mtype414.a(eeprom.o)
 .data          0x000000000002a0b0        0x0 obj_cooja/mtype414.a(random.o)
 .data          0x000000000002a0b0       0x10 obj_cooja/mtype414.a(sensors.o)
                0x000000000002a0b0                sensors_process
 .data          0x000000000002a0c0        0x0 obj_cooja/mtype414.a(contiki-main.o)
 .data          0x000000000002a0c0        0x0 obj_cooja/mtype414.a(autostart.o)
 .data          0x000000000002a0c0       0x14 obj_cooja/mtype414.a(ctimer.o)
                0x000000000002a0c4                ctimer_process
 .data          0x000000000002a0d4        0x0 obj_cooja/mtype414.a(energest.o)
 .data          0x000000000002a0d4       0x10 obj_cooja/mtype414.a(etimer.o)
                0x000000000002a0d4                etimer_process
 *fill*         0x000000000002a0e4       0x1c 
 .data          0x000000000002a100       0xb0 obj_cooja/mtype414.a(log.o)
                0x000000000002a100                curr_log_level_main
                0x000000000002a120                all_modules
 .data          0x000000000002a1b0        0x0 obj_cooja/mtype414.a(process.o)
 .data          0x000000000002a1b0        0x0 obj_cooja/mtype414.a(rtimer.o)
 .data          0x000000000002a1b0        0x0 obj_cooja/mtype414.a(node-id.o)
 .data          0x000000000002a1b0        0x0 obj_cooja/mtype414.a(timer.o)
 .data          0x000000000002a1b0       0x10 obj_cooja/mtype414.a(serial-line.o)
                0x000000000002a1b0                serial_line_process
 .data          0x000000000002a1c0        0x0 obj_cooja/mtype414.a(list.o)
 .data          0x000000000002a1c0        0x0 obj_cooja/mtype414.a(ringbuf.o)
 .data          0x000000000002a1c0        0x4 obj_cooja/mtype414.a(packetbuf.o)
 .data          0x000000000002a1c4        0x4 obj_cooja/mtype414.a(netstack.o)
 .data          0x000000000002a1c8        0x0 obj_cooja/mtype414.a(linkaddr.o)
 .data          0x000000000002a1c8        0x0 obj_cooja/mtype414.a(csma.o)
 .data          0x000000000002a1c8       0x28 obj_cooja/mtype414.a(csma-output.o)
 .data          0x000000000002a1f0        0x0 obj_cooja/mtype414.a(uip-ds6.o)
 .data          0x000000000002a1f0       0x10 obj_cooja/mtype414.a(tcpip.o)
                0x000000000002a1f0                tcpip_process
 .data          0x000000000002a200       0x10 obj_cooja/mtype414.a(uip-ds6-route.o)
 .data          0x000000000002a210        0x0 obj_cooja/mtype414.a(uip6.o)
 .data          0x000000000002a210       0x14 obj_cooja/mtype414.a(uip-ds6-nbr.o)
                0x000000000002a220                ds6_neighbors
 .data          0x000000000002a224        0xc obj_cooja/mtype414.a(uip-nd6.o)
 .data          0x000000000002a230       0x10 obj_cooja/mtype414.a(simple-udp.o)
                0x000000000002a230                simple_udp_process
 .data          0x000000000002a240        0x0 obj_cooja/mtype414.a(sicslowpan.o)
 .data          0x000000000002a240        0x0 obj_cooja/mtype414.a(uiplib.o)
 .data          0x000000000002a240        0x0 obj_cooja/mtype414.a(rpl.o)
 .data          0x000000000002a240       0x30 obj_cooja/mtype414.a(rpl-icmp6.o)
 .data          0x000000000002a270        0x0 obj_cooja/mtype414.a(rpl-dag.o)
 .data          0x000000000002a270        0x0 obj_cooja/mtype414.a(rpl-dag-root.o)
 .data          0x000000000002a270        0x0 obj_cooja/mtype414.a(watchdog.o)
 .data          0x000000000002a270        0x0 obj_cooja/mtype414.a(stimer.o)
 .data          0x000000000002a270        0x0 obj_cooja/mtype414.a(memb.o)
 .data          0x000000000002a270       0x18 obj_cooja/mtype414.a(queuebuf.o)
 .data          0x000000000002a288       0x10 obj_cooja/mtype414.a(nbr-table.o)
 .data          0x000000000002a298       0x14 obj_cooja/mtype414.a(link-stats.o)
 .data          0x000000000002a2ac        0x0 obj_cooja/mtype414.a(mac-sequence.o)
 .data          0x000000000002a2ac        0x0 obj_cooja/mtype414.a(mac.o)
 .data          0x000000000002a2ac        0x0 obj_cooja/mtype414.a(framer-802154.o)
 .data          0x000000000002a2ac        0x2 obj_cooja/mtype414.a(frame802154.o)
 .data          0x000000000002a2ae        0x0 obj_cooja/mtype414.a(uipbuf.o)
 *fill*         0x000000000002a2ae        0x2 
 .data          0x000000000002a2b0       0x20 obj_cooja/mtype414.a(uip-icmp6.o)
 .data          0x000000000002a2d0       0x10 obj_cooja/mtype414.a(uip-sr.o)
 .data          0x000000000002a2e0        0xc obj_cooja/mtype414.a(uip-packetqueue)
 .data          0x000000000002a2ec        0x0 obj_cooja/mtype414.a(uip-udp-packet.)
 .data          0x000000000002a2ec        0x0 obj_cooja/mtype414.a(rpl-nbr-policy.)
 .data          0x000000000002a2ec       0x14 obj_cooja/mtype414.a(rpl-neighbor.o)
                0x000000000002a2fc                rpl_neighbors
 .data          0x000000000002a300        0x0 obj_cooja/mtype414.a(rpl-timers.o)
 .data          0x000000000002a300        0x0 obj_cooja/mtype414.a(rpl-ext-header.)
 .data          0x000000000002a300       0x24 obj_cooja/mtype414.a(rpl-mrhof.o)
                0x000000000002a300                rpl_mrhof
 .data          0x000000000002a324        0x0 /usr/lib/gcc/i686-linux-gnu/5/crtendS.o
 .data          0x000000000002a324        0x0 /usr/lib/gcc/i686-linux-gnu/5/../../../i386-linux-gnu/crtn.o

.tm_clone_table
                0x000000000002a324        0x0
 .tm_clone_table
                0x000000000002a324        0x0 /usr/lib/gcc/i686-linux-gnu/5/crtbeginS.o
 .tm_clone_table
                0x000000000002a324        0x0 /usr/lib/gcc/i686-linux-gnu/5/crtendS.o

.data1
 *(.data1)
                0x000000000002a324                _edata = .
                [!provide]                        PROVIDE (edata, .)
                0x000000000002a324                . = .
                0x000000000002a324                __bss_start = .

.bss            0x000000000002a340    0x13da0
 *(.dynbss)
 .dynbss        0x000000000002a340        0x0 /usr/lib/gcc/i686-linux-gnu/5/../../../i386-linux-gnu/crti.o
 *(.bss .bss.* .gnu.linkonce.b.*)
 .bss           0x000000000002a340        0x0 /usr/lib/gcc/i686-linux-gnu/5/../../../i386-linux-gnu/crti.o
 .bss           0x000000000002a340        0x1 /usr/lib/gcc/i686-linux-gnu/5/crtbeginS.o
 *fill*         0x000000000002a341       0x1f 
 .bss           0x000000000002a360       0xa6 udp-server.o
 *fill*         0x000000000002a406       0x1a 
 .bss           0x000000000002a420     0x2030 obj_cooja/mtype414.o
 .bss           0x000000000002c450        0x1 obj_cooja/mtype414.a(simEnvChange.o)
                0x000000000002c450                simDontFallAsleep
 *fill*         0x000000000002c451        0x3 
 .bss           0x000000000002c454        0x4 obj_cooja/mtype414.a(cooja_mt.o)
 .bss           0x000000000002c458        0x4 obj_cooja/mtype414.a(cooja_mtarch.o)
 .bss           0x000000000002c45c        0x0 obj_cooja/mtype414.a(rtimer-arch.o)
 .bss           0x000000000002c45c        0x0 obj_cooja/mtype414.a(beep.o)
 .bss           0x000000000002c45c        0x8 obj_cooja/mtype414.a(button-sensor.o)
 .bss           0x000000000002c464        0x0 obj_cooja/mtype414.a(leds-arch.o)
 .bss           0x000000000002c464        0x0 obj_cooja/mtype414.a(moteid.o)
 .bss           0x000000000002c464        0x1 obj_cooja/mtype414.a(pir-sensor.o)
                0x000000000002c464                simPirValue
 *fill*         0x000000000002c465        0x3 
 .bss           0x000000000002c468        0x4 obj_cooja/mtype414.a(rs232.o)
 .bss           0x000000000002c46c        0x1 obj_cooja/mtype414.a(vib-sensor.o)
                0x000000000002c46c                simVibValue
 .bss           0x000000000002c46d        0x0 obj_cooja/mtype414.a(clock.o)
 *fill*         0x000000000002c46d       0x13 
 .bss           0x000000000002c480     0x2020 obj_cooja/mtype414.a(cooja-log.o)
 .bss           0x000000000002e4a0      0xfc0 obj_cooja/mtype414.a(cfs-cooja.o)
                0x000000000002e4a0                simCFSData
                0x000000000002f440                simCFSSize
                0x000000000002f444                simCFSChanged
                0x000000000002f448                simCFSRead
                0x000000000002f44c                simCFSWritten
 .bss           0x000000000002f460       0x24 obj_cooja/mtype414.a(cooja-radio.o)
                0x000000000002f460                simReceiving
                0x000000000002f464                simInSize
                0x000000000002f468                simLastPacketTimestamp
                0x000000000002f470                simOutSize
 .bss           0x000000000002f484        0xc obj_cooja/mtype414.a(eeprom.o)
                0x000000000002f484                simEEPROMChanged
                0x000000000002f488                simEEPROMRead
                0x000000000002f48c                simEEPROMWritten
 .bss           0x000000000002f490        0x0 obj_cooja/mtype414.a(random.o)
 .bss           0x000000000002f490        0xc obj_cooja/mtype414.a(sensors.o)
 .bss           0x000000000002f49c        0x0 obj_cooja/mtype414.a(contiki-main.o)
 .bss           0x000000000002f49c        0x0 obj_cooja/mtype414.a(autostart.o)
 .bss           0x000000000002f49c        0x5 obj_cooja/mtype414.a(ctimer.o)
 .bss           0x000000000002f4a1        0x0 obj_cooja/mtype414.a(energest.o)
 *fill*         0x000000000002f4a1        0x3 
 .bss           0x000000000002f4a4        0x8 obj_cooja/mtype414.a(etimer.o)
 .bss           0x000000000002f4ac       0x28 obj_cooja/mtype414.a(log.o)
                0x000000000002f4ac                curr_log_level_rpl
                0x000000000002f4b0                curr_log_level_tcpip
                0x000000000002f4b4                curr_log_level_ipv6
                0x000000000002f4b8                curr_log_level_6lowpan
                0x000000000002f4bc                curr_log_level_nullnet
                0x000000000002f4c0                curr_log_level_mac
                0x000000000002f4c4                curr_log_level_framer
                0x000000000002f4c8                curr_log_level_6top
                0x000000000002f4cc                curr_log_level_coap
                0x000000000002f4d0                curr_log_level_lwm2m
 *fill*         0x000000000002f4d4        0xc 
 .bss           0x000000000002f4e0      0x1a1 obj_cooja/mtype414.a(process.o)
                0x000000000002f4e0                process_list
                0x000000000002f4e4                process_current
 *fill*         0x000000000002f681        0x3 
 .bss           0x000000000002f684        0x4 obj_cooja/mtype414.a(rtimer.o)
 .bss           0x000000000002f688        0x2 obj_cooja/mtype414.a(node-id.o)
                0x000000000002f688                node_id
 .bss           0x000000000002f68a        0x0 obj_cooja/mtype414.a(timer.o)
 *fill*         0x000000000002f68a       0x16 
 .bss           0x000000000002f6a0      0x140 obj_cooja/mtype414.a(serial-line.o)
 .bss           0x000000000002f7e0        0x0 obj_cooja/mtype414.a(list.o)
 .bss           0x000000000002f7e0        0x0 obj_cooja/mtype414.a(ringbuf.o)
 .bss           0x000000000002f7e0       0xa0 obj_cooja/mtype414.a(packetbuf.o)
 .bss           0x000000000002f880        0x4 obj_cooja/mtype414.a(netstack.o)
 .bss           0x000000000002f884        0x0 obj_cooja/mtype414.a(linkaddr.o)
 .bss           0x000000000002f884        0x0 obj_cooja/mtype414.a(csma.o)
 *fill*         0x000000000002f884       0x1c 
 .bss           0x000000000002f8a0      0x726 obj_cooja/mtype414.a(csma-output.o)
 *fill*         0x000000000002ffc6        0x2 
 .bss           0x000000000002ffc8       0x20 obj_cooja/mtype414.a(uip-ds6.o)
 .bss           0x000000000002ffe8       0x10 obj_cooja/mtype414.a(tcpip.o)
 *fill*         0x000000000002fff8        0x8 
 .bss           0x0000000000030000       0x60 obj_cooja/mtype414.a(uip-ds6-route.o)
 .bss           0x0000000000030060        0x6 obj_cooja/mtype414.a(uip6.o)
                0x0000000000030060                uip_ext_bitmap
                0x0000000000030061                uip_ext_len
                0x0000000000030062                uip_ext_opt_offset
 *fill*         0x0000000000030066       0x1a 
 .bss           0x0000000000030080     0x1c20 obj_cooja/mtype414.a(uip-ds6-nbr.o)
 .bss           0x0000000000031ca0       0x10 obj_cooja/mtype414.a(uip-nd6.o)
 *fill*         0x0000000000031cb0       0x10 
 .bss           0x0000000000031cc0      0x520 obj_cooja/mtype414.a(simple-udp.o)
 .bss           0x00000000000321e0      0x724 obj_cooja/mtype414.a(sicslowpan.o)
 .bss           0x0000000000032904        0x0 obj_cooja/mtype414.a(uiplib.o)
 .bss           0x0000000000032904        0x1 obj_cooja/mtype414.a(rpl.o)
 .bss           0x0000000000032905        0x0 obj_cooja/mtype414.a(rpl-icmp6.o)
 .bss           0x0000000000032905        0x0 obj_cooja/mtype414.a(rpl-dag.o)
 *fill*         0x0000000000032905        0x3 
 .bss           0x0000000000032908       0x11 obj_cooja/mtype414.a(rpl-dag-root.o)
 .bss           0x0000000000032919        0x0 obj_cooja/mtype414.a(watchdog.o)
 .bss           0x0000000000032919        0x0 obj_cooja/mtype414.a(stimer.o)
 .bss           0x0000000000032919        0x0 obj_cooja/mtype414.a(memb.o)
 *fill*         0x0000000000032919        0x7 
 .bss           0x0000000000032920     0x2c80 obj_cooja/mtype414.a(queuebuf.o)
 .bss           0x00000000000355a0     0x1214 obj_cooja/mtype414.a(nbr-table.o)
 *fill*         0x00000000000367b4        0xc 
 .bss           0x00000000000367c0      0xe10 obj_cooja/mtype414.a(link-stats.o)
 *fill*         0x00000000000375d0       0x10 
 .bss           0x00000000000375e0      0x100 obj_cooja/mtype414.a(mac-sequence.o)
 .bss           0x00000000000376e0        0x0 obj_cooja/mtype414.a(mac.o)
 .bss           0x00000000000376e0        0x2 obj_cooja/mtype414.a(framer-802154.o)
 .bss           0x00000000000376e2        0x0 obj_cooja/mtype414.a(frame802154.o)
 *fill*         0x00000000000376e2        0x2 
 .bss           0x00000000000376e4        0xc obj_cooja/mtype414.a(uipbuf.o)
 .bss           0x00000000000376f0       0x18 obj_cooja/mtype414.a(uip-icmp6.o)
 *fill*         0x0000000000037708       0x18 
 .bss           0x0000000000037720     0x1d80 obj_cooja/mtype414.a(uip-sr.o)
 .bss           0x00000000000394a0      0xa78 obj_cooja/mtype414.a(uip-packetqueue)
 .bss           0x0000000000039f18        0x0 obj_cooja/mtype414.a(uip-udp-packet.)
 .bss           0x0000000000039f18        0xe obj_cooja/mtype414.a(rpl-nbr-policy.)
 *fill*         0x0000000000039f26       0x1a 
 .bss           0x0000000000039f40      0x960 obj_cooja/mtype414.a(rpl-neighbor.o)
 .bss           0x000000000003a8a0       0x40 obj_cooja/mtype414.a(rpl-timers.o)
 .bss           0x000000000003a8e0        0x0 obj_cooja/mtype414.a(rpl-ext-header.)
 .bss           0x000000000003a8e0        0x0 obj_cooja/mtype414.a(rpl-mrhof.o)
 .bss           0x000000000003a8e0        0x0 /usr/lib/gcc/i686-linux-gnu/5/crtendS.o
 .bss           0x000000000003a8e0        0x0 /usr/lib/gcc/i686-linux-gnu/5/../../../i386-linux-gnu/crtn.o
 *(COMMON)
 COMMON         0x000000000003a8e0        0x8 obj_cooja/mtype414.o
                0x000000000003a8e0                referenceVar
                0x000000000003a8e4                sensors_flags
 COMMON         0x000000000003a8e8        0xc obj_cooja/mtype414.a(simEnvChange.o)
                0x000000000003a8e8                simEtimerPending
                0x000000000003a8ec                simProcessRunValue
                0x000000000003a8f0                simEtimerNextExpirationTime
 *fill*         0x000000000003a8f4        0x4 
 COMMON         0x000000000003a8f8       0x18 obj_cooja/mtype414.a(rtimer-arch.o)
                0x000000000003a8f8                simRtimerPending
                0x000000000003a900                simRtimerCurrentTicks
                0x000000000003a908                simRtimerNextExpirationTime
 COMMON         0x000000000003a910        0x1 obj_cooja/mtype414.a(beep.o)
                0x000000000003a910                simBeeped
 COMMON         0x000000000003a911        0x3 obj_cooja/mtype414.a(button-sensor.o)
                0x000000000003a911                simButtonIsActive
                0x000000000003a912                simButtonIsDown
                0x000000000003a913                simButtonChanged
 COMMON         0x000000000003a914        0x1 obj_cooja/mtype414.a(leds-arch.o)
                0x000000000003a914                simLedsValue
 *fill*         0x000000000003a915        0x3 
 COMMON         0x000000000003a918        0xc obj_cooja/mtype414.a(moteid.o)
                0x000000000003a918                simRandomSeed
                0x000000000003a91c                simMoteIDChanged
                0x000000000003a920                simMoteID
 COMMON         0x000000000003a924        0x2 obj_cooja/mtype414.a(pir-sensor.o)
                0x000000000003a924                simPirIsActive
                0x000000000003a925                simPirChanged
 *fill*         0x000000000003a926       0x1a 
 COMMON         0x000000000003a940      0x820 obj_cooja/mtype414.a(rs232.o)
                0x000000000003a940                simSerialReceivingFlag
                0x000000000003a944                simSerialReceivingLength
                0x000000000003a960                simSerialReceivingData
 COMMON         0x000000000003b160        0x2 obj_cooja/mtype414.a(vib-sensor.o)
                0x000000000003b160                simVibChanged
                0x000000000003b161                simVibIsActive
 *fill*         0x000000000003b162        0x2 
 COMMON         0x000000000003b164        0x4 obj_cooja/mtype414.a(clock.o)
                0x000000000003b164                simCurrentTime
 *fill*         0x000000000003b168       0x18 
 COMMON         0x000000000003b180     0x2020 obj_cooja/mtype414.a(cooja-log.o)
                0x000000000003b180                simLoggedLength
                0x000000000003b184                simLoggedFlag
                0x000000000003b1a0                simLoggedData
 COMMON         0x000000000003d1a0      0x100 obj_cooja/mtype414.a(cooja-radio.o)
                0x000000000003d1a0                simOutDataBuffer
                0x000000000003d220                simInDataBuffer
 COMMON         0x000000000003d2a0      0x400 obj_cooja/mtype414.a(eeprom.o)
                0x000000000003d2a0                simEEPROMData
 COMMON         0x000000000003d6a0        0x1 obj_cooja/mtype414.a(sensors.o)
                0x000000000003d6a0                sensors_event
 *fill*         0x000000000003d6a1        0x3 
 COMMON         0x000000000003d6a4       0x50 obj_cooja/mtype414.a(contiki-main.o)
                0x000000000003d6a4                eb_per_time_source
                0x000000000003d6b8                unicast_per_neighbor_rpl_storing
                0x000000000003d6cc                unicast_per_neighbor_rpl_ns
                0x000000000003d6e0                default_common
 COMMON         0x000000000003d6f4        0x1 obj_cooja/mtype414.a(serial-line.o)
                0x000000000003d6f4                serial_line_event_message
 *fill*         0x000000000003d6f5        0x3 
 COMMON         0x000000000003d6f8       0x2c obj_cooja/mtype414.a(packetbuf.o)
                0x000000000003d6f8                packetbuf_attrs
                0x000000000003d714                packetbuf_addrs
 COMMON         0x000000000003d724        0x8 obj_cooja/mtype414.a(linkaddr.o)
                0x000000000003d724                linkaddr_node_addr
 *fill*         0x000000000003d72c       0x14 
 COMMON         0x000000000003d740      0x181 obj_cooja/mtype414.a(uip-ds6.o)
                0x000000000003d740                uip_ds6_prefix_list
                0x000000000003d7a0                uip_ds6_timer_periodic
                0x000000000003d7b0                uip_ds6_netif_addr_list_offset
                0x000000000003d7c0                uip_ds6_if
                0x000000000003d8b8                uip_ds6_timer_ra
                0x000000000003d8c0                uip_ds6_addr_size
 COMMON         0x000000000003d8c1        0x1 obj_cooja/mtype414.a(tcpip.o)
                0x000000000003d8c1                tcpip_event
 *fill*         0x000000000003d8c2       0x1e 
 COMMON         0x000000000003d8e0      0x64c obj_cooja/mtype414.a(uip6.o)
                0x000000000003d8e0                uip_slen
                0x000000000003d8e4                uip_lladdr
                0x000000000003d8ec                uip_appdata
                0x000000000003d8f0                uip_flags
                0x000000000003d900                uip_aligned_buf
                0x000000000003de00                uip_len
                0x000000000003de04                uip_sappdata
                0x000000000003de20                uip_udp_conns
                0x000000000003df20                uip_udp_conn
                0x000000000003df24                uip_next_hdr
                0x000000000003df28                uip_conn
 COMMON         0x000000000003df2c       0x10 obj_cooja/mtype414.a(rpl.o)
                0x000000000003df2c                rpl_multicast_addr
 *fill*         0x000000000003df3c        0x4 
 COMMON         0x000000000003df40      0x164 obj_cooja/mtype414.a(rpl-dag.o)
                0x000000000003df40                curr_instance
 *fill*         0x000000000003e0a4       0x1c 
 COMMON         0x000000000003e0c0       0x20 obj_cooja/mtype414.a(link-stats.o)
                0x000000000003e0c0                periodic_timer
                0x000000000003e0e0                . = ALIGN ((. != 0x0)?0x4:0x1)
                0x000000000003e0e0                . = ALIGN (0x4)
                0x000000000003e0e0                . = SEGMENT_START ("ldata-segment", .)
                0x000000000003e0e0                . = ALIGN (0x4)
                0x000000000003e0e0                _end = .
                [!provide]                        PROVIDE (end, .)
                0x000000000003e0e0                . = DATA_SEGMENT_END (.)

.stab
 *(.stab)

.stabstr
 *(.stabstr)

.stab.excl
 *(.stab.excl)

.stab.exclstr
 *(.stab.exclstr)

.stab.index
 *(.stab.index)

.stab.indexstr
 *(.stab.indexstr)

.comment        0x0000000000000000       0x35
 *(.comment)
 .comment       0x0000000000000000       0x35 /usr/lib/gcc/i686-linux-gnu/5/crtbeginS.o
                                         0x36 (size before relaxing)
 .comment       0x0000000000000035       0x36 udp-server.o
 .comment       0x0000000000000035       0x36 obj_cooja/mtype414.o
 .comment       0x0000000000000035       0x36 obj_cooja/mtype414.a(simEnvChange.o)
 .comment       0x0000000000000035       0x36 obj_cooja/mtype414.a(cooja_mt.o)
 .comment       0x0000000000000035       0x36 obj_cooja/mtype414.a(cooja_mtarch.o)
 .comment       0x0000000000000035       0x36 obj_cooja/mtype414.a(rtimer-arch.o)
 .comment       0x0000000000000035       0x36 obj_cooja/mtype414.a(beep.o)
 .comment       0x0000000000000035       0x36 obj_cooja/mtype414.a(button-sensor.o)
 .comment       0x0000000000000035       0x36 obj_cooja/mtype414.a(leds-arch.o)
 .comment       0x0000000000000035       0x36 obj_cooja/mtype414.a(moteid.o)
 .comment       0x0000000000000035       0x36 obj_cooja/mtype414.a(pir-sensor.o)
 .comment       0x0000000000000035       0x36 obj_cooja/mtype414.a(rs232.o)
 .comment       0x0000000000000035       0x36 obj_cooja/mtype414.a(vib-sensor.o)
 .comment       0x0000000000000035       0x36 obj_cooja/mtype414.a(clock.o)
 .comment       0x0000000000000035       0x36 obj_cooja/mtype414.a(cooja-log.o)
 .comment       0x0000000000000035       0x36 obj_cooja/mtype414.a(cfs-cooja.o)
 .comment       0x0000000000000035       0x36 obj_cooja/mtype414.a(cooja-radio.o)
 .comment       0x0000000000000035       0x36 obj_cooja/mtype414.a(eeprom.o)
 .comment       0x0000000000000035       0x36 obj_cooja/mtype414.a(random.o)
 .comment       0x0000000000000035       0x36 obj_cooja/mtype414.a(sensors.o)
 .comment       0x0000000000000035       0x36 obj_cooja/mtype414.a(contiki-main.o)
 .comment       0x0000000000000035       0x36 obj_cooja/mtype414.a(autostart.o)
 .comment       0x0000000000000035       0x36 obj_cooja/mtype414.a(ctimer.o)
 .comment       0x0000000000000035       0x36 obj_cooja/mtype414.a(energest.o)
 .comment       0x0000000000000035       0x36 obj_cooja/mtype414.a(etimer.o)
 .comment       0x0000000000000035       0x36 obj_cooja/mtype414.a(log.o)
 .comment       0x0000000000000035       0x36 obj_cooja/mtype414.a(process.o)
 .comment       0x0000000000000035       0x36 obj_cooja/mtype414.a(rtimer.o)
 .comment       0x0000000000000035       0x36 obj_cooja/mtype414.a(node-id.o)
 .comment       0x0000000000000035       0x36 obj_cooja/mtype414.a(timer.o)
 .comment       0x0000000000000035       0x36 obj_cooja/mtype414.a(serial-line.o)
 .comment       0x0000000000000035       0x36 obj_cooja/mtype414.a(list.o)
 .comment       0x0000000000000035       0x36 obj_cooja/mtype414.a(ringbuf.o)
 .comment       0x0000000000000035       0x36 obj_cooja/mtype414.a(packetbuf.o)
 .comment       0x0000000000000035       0x36 obj_cooja/mtype414.a(netstack.o)
 .comment       0x0000000000000035       0x36 obj_cooja/mtype414.a(linkaddr.o)
 .comment       0x0000000000000035       0x36 obj_cooja/mtype414.a(csma.o)
 .comment       0x0000000000000035       0x36 obj_cooja/mtype414.a(csma-output.o)
 .comment       0x0000000000000035       0x36 obj_cooja/mtype414.a(uip-ds6.o)
 .comment       0x0000000000000035       0x36 obj_cooja/mtype414.a(tcpip.o)
 .comment       0x0000000000000035       0x36 obj_cooja/mtype414.a(uip-ds6-route.o)
 .comment       0x0000000000000035       0x36 obj_cooja/mtype414.a(uip6.o)
 .comment       0x0000000000000035       0x36 obj_cooja/mtype414.a(uip-ds6-nbr.o)
 .comment       0x0000000000000035       0x36 obj_cooja/mtype414.a(uip-nd6.o)
 .comment       0x0000000000000035       0x36 obj_cooja/mtype414.a(simple-udp.o)
 .comment       0x0000000000000035       0x36 obj_cooja/mtype414.a(sicslowpan.o)
 .comment       0x0000000000000035       0x36 obj_cooja/mtype414.a(uiplib.o)
 .comment       0x0000000000000035       0x36 obj_cooja/mtype414.a(rpl.o)
 .comment       0x0000000000000035       0x36 obj_cooja/mtype414.a(rpl-icmp6.o)
 .comment       0x0000000000000035       0x36 obj_cooja/mtype414.a(rpl-dag.o)
 .comment       0x0000000000000035       0x36 obj_cooja/mtype414.a(rpl-dag-root.o)
 .comment       0x0000000000000035       0x36 obj_cooja/mtype414.a(watchdog.o)
 .comment       0x0000000000000035       0x36 obj_cooja/mtype414.a(stimer.o)
 .comment       0x0000000000000035       0x36 obj_cooja/mtype414.a(memb.o)
 .comment       0x0000000000000035       0x36 obj_cooja/mtype414.a(queuebuf.o)
 .comment       0x0000000000000035       0x36 obj_cooja/mtype414.a(nbr-table.o)
 .comment       0x0000000000000035       0x36 obj_cooja/mtype414.a(link-stats.o)
 .comment       0x0000000000000035       0x36 obj_cooja/mtype414.a(mac-sequence.o)
 .comment       0x0000000000000035       0x36 obj_cooja/mtype414.a(mac.o)
 .comment       0x0000000000000035       0x36 obj_cooja/mtype414.a(framer-802154.o)
 .comment       0x0000000000000035       0x36 obj_cooja/mtype414.a(frame802154.o)
 .comment       0x0000000000000035       0x36 obj_cooja/mtype414.a(uipbuf.o)
 .comment       0x0000000000000035       0x36 obj_cooja/mtype414.a(uip-icmp6.o)
 .comment       0x0000000000000035       0x36 obj_cooja/mtype414.a(uip-sr.o)
 .comment       0x0000000000000035       0x36 obj_cooja/mtype414.a(uip-packetqueue)
 .comment       0x0000000000000035       0x36 obj_cooja/mtype414.a(uip-udp-packet.)
 .comment       0x0000000000000035       0x36 obj_cooja/mtype414.a(rpl-nbr-policy.)
 .comment       0x0000000000000035       0x36 obj_cooja/mtype414.a(rpl-neighbor.o)
 .comment       0x0000000000000035       0x36 obj_cooja/mtype414.a(rpl-timers.o)
 .comment       0x0000000000000035       0x36 obj_cooja/mtype414.a(rpl-ext-header.)
 .comment       0x0000000000000035       0x36 obj_cooja/mtype414.a(rpl-mrhof.o)
 .comment       0x0000000000000035       0x36 /usr/lib/gcc/i686-linux-gnu/5/crtendS.o

.debug
 *(.debug)

.line
 *(.line)

.debug_srcinfo
 *(.debug_srcinfo)

.debug_sfnames
 *(.debug_sfnames)

.debug_aranges  0x0000000000000000      0x8e0
 *(.debug_aranges)
 .debug_aranges
                0x0000000000000000       0x20 udp-server.o
 .debug_aranges
                0x0000000000000020       0x20 obj_cooja/mtype414.o
 .debug_aranges
                0x0000000000000040       0x20 obj_cooja/mtype414.a(simEnvChange.o)
 .debug_aranges
                0x0000000000000060       0x20 obj_cooja/mtype414.a(cooja_mt.o)
 .debug_aranges
                0x0000000000000080       0x20 obj_cooja/mtype414.a(cooja_mtarch.o)
 .debug_aranges
                0x00000000000000a0       0x20 obj_cooja/mtype414.a(rtimer-arch.o)
 .debug_aranges
                0x00000000000000c0       0x20 obj_cooja/mtype414.a(beep.o)
 .debug_aranges
                0x00000000000000e0       0x20 obj_cooja/mtype414.a(button-sensor.o)
 .debug_aranges
                0x0000000000000100       0x20 obj_cooja/mtype414.a(leds-arch.o)
 .debug_aranges
                0x0000000000000120       0x20 obj_cooja/mtype414.a(moteid.o)
 .debug_aranges
                0x0000000000000140       0x20 obj_cooja/mtype414.a(pir-sensor.o)
 .debug_aranges
                0x0000000000000160       0x20 obj_cooja/mtype414.a(rs232.o)
 .debug_aranges
                0x0000000000000180       0x20 obj_cooja/mtype414.a(vib-sensor.o)
 .debug_aranges
                0x00000000000001a0       0x20 obj_cooja/mtype414.a(clock.o)
 .debug_aranges
                0x00000000000001c0       0x20 obj_cooja/mtype414.a(cooja-log.o)
 .debug_aranges
                0x00000000000001e0       0x20 obj_cooja/mtype414.a(cfs-cooja.o)
 .debug_aranges
                0x0000000000000200       0x20 obj_cooja/mtype414.a(cooja-radio.o)
 .debug_aranges
                0x0000000000000220       0x20 obj_cooja/mtype414.a(eeprom.o)
 .debug_aranges
                0x0000000000000240       0x20 obj_cooja/mtype414.a(random.o)
 .debug_aranges
                0x0000000000000260       0x20 obj_cooja/mtype414.a(sensors.o)
 .debug_aranges
                0x0000000000000280       0x20 obj_cooja/mtype414.a(contiki-main.o)
 .debug_aranges
                0x00000000000002a0       0x20 obj_cooja/mtype414.a(autostart.o)
 .debug_aranges
                0x00000000000002c0       0x20 obj_cooja/mtype414.a(ctimer.o)
 .debug_aranges
                0x00000000000002e0       0x20 obj_cooja/mtype414.a(energest.o)
 .debug_aranges
                0x0000000000000300       0x20 obj_cooja/mtype414.a(etimer.o)
 .debug_aranges
                0x0000000000000320       0x20 obj_cooja/mtype414.a(log.o)
 .debug_aranges
                0x0000000000000340       0x20 obj_cooja/mtype414.a(process.o)
 .debug_aranges
                0x0000000000000360       0x20 obj_cooja/mtype414.a(rtimer.o)
 .debug_aranges
                0x0000000000000380       0x20 obj_cooja/mtype414.a(node-id.o)
 .debug_aranges
                0x00000000000003a0       0x20 obj_cooja/mtype414.a(timer.o)
 .debug_aranges
                0x00000000000003c0       0x20 obj_cooja/mtype414.a(serial-line.o)
 .debug_aranges
                0x00000000000003e0       0x20 obj_cooja/mtype414.a(list.o)
 .debug_aranges
                0x0000000000000400       0x20 obj_cooja/mtype414.a(ringbuf.o)
 .debug_aranges
                0x0000000000000420       0x20 obj_cooja/mtype414.a(packetbuf.o)
 .debug_aranges
                0x0000000000000440       0x20 obj_cooja/mtype414.a(netstack.o)
 .debug_aranges
                0x0000000000000460       0x20 obj_cooja/mtype414.a(linkaddr.o)
 .debug_aranges
                0x0000000000000480       0x20 obj_cooja/mtype414.a(csma.o)
 .debug_aranges
                0x00000000000004a0       0x20 obj_cooja/mtype414.a(csma-output.o)
 .debug_aranges
                0x00000000000004c0       0x20 obj_cooja/mtype414.a(uip-ds6.o)
 .debug_aranges
                0x00000000000004e0       0x20 obj_cooja/mtype414.a(tcpip.o)
 .debug_aranges
                0x0000000000000500       0x20 obj_cooja/mtype414.a(uip-ds6-route.o)
 .debug_aranges
                0x0000000000000520       0x20 obj_cooja/mtype414.a(uip6.o)
 .debug_aranges